Archive member included to satisfy reference by file (symbol)

m:/application/stm32cubeide_1.0.2/stm32cubeide/plugins/com.st.stm32cube.ide.mcu.externaltools.gnu-tools-for-stm32.7-2018-q2-update.win32_1.0.0.201904181610/tools/bin/../lib/gcc/arm-none-eabi/7.3.1/../../../../arm-none-eabi/lib/thumb/v7-m\libc_nano.a(lib_a-calloc.o)
                              Src/Util/Renderer.o (calloc)
m:/application/stm32cubeide_1.0.2/stm32cubeide/plugins/com.st.stm32cube.ide.mcu.externaltools.gnu-tools-for-stm32.7-2018-q2-update.win32_1.0.0.201904181610/tools/bin/../lib/gcc/arm-none-eabi/7.3.1/../../../../arm-none-eabi/lib/thumb/v7-m\libc_nano.a(lib_a-errno.o)
                              Src/syscalls.o (__errno)
m:/application/stm32cubeide_1.0.2/stm32cubeide/plugins/com.st.stm32cube.ide.mcu.externaltools.gnu-tools-for-stm32.7-2018-q2-update.win32_1.0.0.201904181610/tools/bin/../lib/gcc/arm-none-eabi/7.3.1/../../../../arm-none-eabi/lib/thumb/v7-m\libc_nano.a(lib_a-exit.o)
                              m:/application/stm32cubeide_1.0.2/stm32cubeide/plugins/com.st.stm32cube.ide.mcu.externaltools.gnu-tools-for-stm32.7-2018-q2-update.win32_1.0.0.201904181610/tools/bin/../lib/gcc/arm-none-eabi/7.3.1/../../../../arm-none-eabi/lib/thumb/v7-m/crt0.o (exit)
m:/application/stm32cubeide_1.0.2/stm32cubeide/plugins/com.st.stm32cube.ide.mcu.externaltools.gnu-tools-for-stm32.7-2018-q2-update.win32_1.0.0.201904181610/tools/bin/../lib/gcc/arm-none-eabi/7.3.1/../../../../arm-none-eabi/lib/thumb/v7-m\libc_nano.a(lib_a-impure.o)
                              m:/application/stm32cubeide_1.0.2/stm32cubeide/plugins/com.st.stm32cube.ide.mcu.externaltools.gnu-tools-for-stm32.7-2018-q2-update.win32_1.0.0.201904181610/tools/bin/../lib/gcc/arm-none-eabi/7.3.1/../../../../arm-none-eabi/lib/thumb/v7-m\libc_nano.a(lib_a-exit.o) (_global_impure_ptr)
m:/application/stm32cubeide_1.0.2/stm32cubeide/plugins/com.st.stm32cube.ide.mcu.externaltools.gnu-tools-for-stm32.7-2018-q2-update.win32_1.0.0.201904181610/tools/bin/../lib/gcc/arm-none-eabi/7.3.1/../../../../arm-none-eabi/lib/thumb/v7-m\libc_nano.a(lib_a-init.o)
                              m:/application/stm32cubeide_1.0.2/stm32cubeide/plugins/com.st.stm32cube.ide.mcu.externaltools.gnu-tools-for-stm32.7-2018-q2-update.win32_1.0.0.201904181610/tools/bin/../lib/gcc/arm-none-eabi/7.3.1/../../../../arm-none-eabi/lib/thumb/v7-m/crt0.o (__libc_init_array)
m:/application/stm32cubeide_1.0.2/stm32cubeide/plugins/com.st.stm32cube.ide.mcu.externaltools.gnu-tools-for-stm32.7-2018-q2-update.win32_1.0.0.201904181610/tools/bin/../lib/gcc/arm-none-eabi/7.3.1/../../../../arm-none-eabi/lib/thumb/v7-m\libc_nano.a(lib_a-malloc.o)
                              Src/GameFrame/GameEvent.o (malloc)
m:/application/stm32cubeide_1.0.2/stm32cubeide/plugins/com.st.stm32cube.ide.mcu.externaltools.gnu-tools-for-stm32.7-2018-q2-update.win32_1.0.0.201904181610/tools/bin/../lib/gcc/arm-none-eabi/7.3.1/../../../../arm-none-eabi/lib/thumb/v7-m\libc_nano.a(lib_a-memset.o)
                              m:/application/stm32cubeide_1.0.2/stm32cubeide/plugins/com.st.stm32cube.ide.mcu.externaltools.gnu-tools-for-stm32.7-2018-q2-update.win32_1.0.0.201904181610/tools/bin/../lib/gcc/arm-none-eabi/7.3.1/../../../../arm-none-eabi/lib/thumb/v7-m/crt0.o (memset)
m:/application/stm32cubeide_1.0.2/stm32cubeide/plugins/com.st.stm32cube.ide.mcu.externaltools.gnu-tools-for-stm32.7-2018-q2-update.win32_1.0.0.201904181610/tools/bin/../lib/gcc/arm-none-eabi/7.3.1/../../../../arm-none-eabi/lib/thumb/v7-m\libc_nano.a(lib_a-nano-callocr.o)
                              m:/application/stm32cubeide_1.0.2/stm32cubeide/plugins/com.st.stm32cube.ide.mcu.externaltools.gnu-tools-for-stm32.7-2018-q2-update.win32_1.0.0.201904181610/tools/bin/../lib/gcc/arm-none-eabi/7.3.1/../../../../arm-none-eabi/lib/thumb/v7-m\libc_nano.a(lib_a-calloc.o) (_calloc_r)
m:/application/stm32cubeide_1.0.2/stm32cubeide/plugins/com.st.stm32cube.ide.mcu.externaltools.gnu-tools-for-stm32.7-2018-q2-update.win32_1.0.0.201904181610/tools/bin/../lib/gcc/arm-none-eabi/7.3.1/../../../../arm-none-eabi/lib/thumb/v7-m\libc_nano.a(lib_a-nano-freer.o)
                              m:/application/stm32cubeide_1.0.2/stm32cubeide/plugins/com.st.stm32cube.ide.mcu.externaltools.gnu-tools-for-stm32.7-2018-q2-update.win32_1.0.0.201904181610/tools/bin/../lib/gcc/arm-none-eabi/7.3.1/../../../../arm-none-eabi/lib/thumb/v7-m\libc_nano.a(lib_a-malloc.o) (_free_r)
m:/application/stm32cubeide_1.0.2/stm32cubeide/plugins/com.st.stm32cube.ide.mcu.externaltools.gnu-tools-for-stm32.7-2018-q2-update.win32_1.0.0.201904181610/tools/bin/../lib/gcc/arm-none-eabi/7.3.1/../../../../arm-none-eabi/lib/thumb/v7-m\libc_nano.a(lib_a-nano-mallocr.o)
[...]
Memory Configuration

Name             Origin             Length             Attributes
RAM              0x0000000020000000 0x000000000000c000 xrw
FLASH            0x0000000008000000 0x0000000000040000 xr
*default*        0x0000000000000000 0xffffffffffffffff

Linker script and memory map

LOAD m:/application/stm32cubeide_1.0.2/stm32cubeide/plugins/com.st.stm32cube.ide.mcu.externaltools.gnu-tools-for-stm32.7-2018-q2-update.win32_1.0.0.201904181610/tools/bin/../lib/gcc/arm-none-eabi/7.3.1/thumb/v7-m/crti.o
LOAD m:/application/stm32cubeide_1.0.2/stm32cubeide/plugins/com.st.stm32cube.ide.mcu.externaltools.gnu-tools-for-stm32.7-2018-q2-update.win32_1.0.0.201904181610/tools/bin/../lib/gcc/arm-none-eabi/7.3.1/thumb/v7-m/crtbegin.o
LOAD m:/application/stm32cubeide_1.0.2/stm32cubeide/plugins/com.st.stm32cube.ide.mcu.externaltools.gnu-tools-for-stm32.7-2018-q2-update.win32_1.0.0.201904181610/tools/bin/../lib/gcc/arm-none-eabi/7.3.1/../../../../arm-none-eabi/lib/thumb/v7-m/crt0.o
LOAD Drivers/STM32F1xx_HAL_Driver/Src/stm32f1xx_hal.o
LOAD Drivers/STM32F1xx_HAL_Driver/Src/stm32f1xx_hal_cortex.o
LOAD Drivers/STM32F1xx_HAL_Driver/Src/stm32f1xx_hal_dma.o
LOAD Drivers/STM32F1xx_HAL_Driver/Src/stm32f1xx_hal_exti.o
LOAD Drivers/STM32F1xx_HAL_Driver/Src/stm32f1xx_hal_flash.o
LOAD Drivers/STM32F1xx_HAL_Driver/Src/stm32f1xx_hal_flash_ex.o
LOAD Drivers/STM32F1xx_HAL_Driver/Src/stm32f1xx_hal_gpio.o
LOAD Drivers/STM32F1xx_HAL_Driver/Src/stm32f1xx_hal_gpio_ex.o
LOAD Drivers/STM32F1xx_HAL_Driver/Src/stm32f1xx_hal_pwr.o
LOAD Drivers/STM32F1xx_HAL_Driver/Src/stm32f1xx_hal_rcc.o
LOAD Drivers/STM32F1xx_HAL_Driver/Src/stm32f1xx_hal_rcc_ex.o
LOAD Drivers/STM32F1xx_HAL_Driver/Src/stm32f1xx_hal_tim.o
LOAD Drivers/STM32F1xx_HAL_Driver/Src/stm32f1xx_hal_tim_ex.o
LOAD Drivers/STM32F1xx_HAL_Driver/Src/stm32f1xx_hal_uart.o
LOAD Src/GameEngine.o
LOAD Src/gpio.o
LOAD Src/lcd.o
LOAD Src/main.o
LOAD Src/mygpio.o
LOAD Src/stm32f1xx_hal_msp.o
LOAD Src/stm32f1xx_it.o
LOAD Src/syscalls.o
LOAD Src/sysmem.o
LOAD Src/system_stm32f1xx.o
LOAD Src/usart.o
LOAD Src/GameFrame/GameEvent.o
LOAD Src/GameFrame/GameObject.o
LOAD Src/GameFrame/GameObject_Bullet.o
LOAD Src/GameFrame/GameObject_Enemy.o
LOAD Src/GameFrame/GameObject_Self.o
LOAD Src/Util/LinkedList.o
LOAD Src/Util/Renderer.o
LOAD Src/Util/Time.o
LOAD Startup/startup_stm32f103rctx.o
START GROUP
LOAD m:/application/stm32cubeide_1.0.2/stm32cubeide/plugins/com.st.stm32cube.ide.mcu.externaltools.gnu-tools-for-stm32.7-2018-q2-update.win32_1.0.0.201904181610/tools/bin/../lib/gcc/arm-none-eabi/7.3.1/../../../../arm-none-eabi/lib/thumb/v7-m\libc_nano.a
LOAD m:/application/stm32cubeide_1.0.2/stm32cubeide/plugins/com.st.stm32cube.ide.mcu.externaltools.gnu-tools-for-stm32.7-2018-q2-update.win32_1.0.0.201904181610/tools/bin/../lib/gcc/arm-none-eabi/7.3.1/../../../../arm-none-eabi/lib/thumb/v7-m\libm.a
END GROUP
START GROUP
LOAD m:/application/stm32cubeide_1.0.2/stm32cubeide/plugins/com.st.stm32cube.ide.mcu.externaltools.gnu-tools-for-stm32.7-2018-q2-update.win32_1.0.0.201904181610/tools/bin/../lib/gcc/arm-none-eabi/7.3.1/thumb/v7-m\libgcc.a
LOAD m:/application/stm32cubeide_1.0.2/stm32cubeide/plugins/com.st.stm32cube.ide.mcu.externaltools.gnu-tools-for-stm32.7-2018-q2-update.win32_1.0.0.201904181610/tools/bin/../lib/gcc/arm-none-eabi/7.3.1/../../../../arm-none-eabi/lib/thumb/v7-m\libc_nano.a
END GROUP
START GROUP
LOAD m:/application/stm32cubeide_1.0.2/stm32cubeide/plugins/com.st.stm32cube.ide.mcu.externaltools.gnu-tools-for-stm32.7-2018-q2-update.win32_1.0.0.201904181610/tools/bin/../lib/gcc/arm-none-eabi/7.3.1/thumb/v7-m\libgcc.a
LOAD m:/application/stm32cubeide_1.0.2/stm32cubeide/plugins/com.st.stm32cube.ide.mcu.externaltools.gnu-tools-for-stm32.7-2018-q2-update.win32_1.0.0.201904181610/tools/bin/../lib/gcc/arm-none-eabi/7.3.1/../../../../arm-none-eabi/lib/thumb/v7-m\libc_nano.a
LOAD m:/application/stm32cubeide_1.0.2/stm32cubeide/plugins/com.st.stm32cube.ide.mcu.externaltools.gnu-tools-for-stm32.7-2018-q2-update.win32_1.0.0.201904181610/tools/bin/../lib/gcc/arm-none-eabi/7.3.1/../../../../arm-none-eabi/lib/thumb/v7-m\libnosys.a
END GROUP
START GROUP
LOAD m:/application/stm32cubeide_1.0.2/stm32cubeide/plugins/com.st.stm32cube.ide.mcu.externaltools.gnu-tools-for-stm32.7-2018-q2-update.win32_1.0.0.201904181610/tools/bin/../lib/gcc/arm-none-eabi/7.3.1/thumb/v7-m\libgcc.a
LOAD m:/application/stm32cubeide_1.0.2/stm32cubeide/plugins/com.st.stm32cube.ide.mcu.externaltools.gnu-tools-for-stm32.7-2018-q2-update.win32_1.0.0.201904181610/tools/bin/../lib/gcc/arm-none-eabi/7.3.1/../../../../arm-none-eabi/lib/thumb/v7-m\libc_nano.a
LOAD m:/application/stm32cubeide_1.0.2/stm32cubeide/plugins/com.st.stm32cube.ide.mcu.externaltools.gnu-tools-for-stm32.7-2018-q2-update.win32_1.0.0.201904181610/tools/bin/../lib/gcc/arm-none-eabi/7.3.1/../../../../arm-none-eabi/lib/thumb/v7-m\libnosys.a
END GROUP
LOAD m:/application/stm32cubeide_1.0.2/stm32cubeide/plugins/com.st.stm32cube.ide.mcu.externaltools.gnu-tools-for-stm32.7-2018-q2-update.win32_1.0.0.201904181610/tools/bin/../lib/gcc/arm-none-eabi/7.3.1/thumb/v7-m/crtend.o
LOAD m:/application/stm32cubeide_1.0.2/stm32cubeide/plugins/com.st.stm32cube.ide.mcu.externaltools.gnu-tools-for-stm32.7-2018-q2-update.win32_1.0.0.201904181610/tools/bin/../lib/gcc/arm-none-eabi/7.3.1/thumb/v7-m/crtn.o
                0x000000002000c000                _estack = 0x2000c000
                0x0000000000000200                _Min_Heap_Size = 0x200
                0x0000000000000400                _Min_Stack_Size = 0x400

.isr_vector     0x0000000008000000      0x1e4
                0x0000000008000000                . = ALIGN (0x4)
 *(.isr_vector)
 .isr_vector    0x0000000008000000      0x1e4 Startup/startup_stm32f103rctx.o
                0x0000000008000000                g_pfnVectors
                0x00000000080001e4                . = ALIGN (0x4)

.text           0x00000000080001e8     0x8018
                0x00000000080001e8                . = ALIGN (0x4)
 *(.text)
 .text          0x00000000080001e8       0x40 m:/application/stm32cubeide_1.0.2/stm32cubeide/plugins/com.st.stm32cube.ide.mcu.externaltools.gnu-tools-for-stm32.7-2018-q2-update.win32_1.0.0.201904181610/tools/bin/../lib/gcc/arm-none-eabi/7.3.1/thumb/v7-m/crtbegin.o
 .text          0x0000000008000228       0x10 m:/application/stm32cubeide_1.0.2/stm32cubeide/plugins/com.st.stm32cube.ide.mcu.externaltools.gnu-tools-for-stm32.7-2018-q2-update.win32_1.0.0.201904181610/tools/bin/../lib/gcc/arm-none-eabi/7.3.1/../../../../arm-none-eabi/lib/thumb/v7-m\libc_nano.a(lib_a-strlen.o)
                0x0000000008000228                strlen
 .text          0x0000000008000238      0x378 m:/application/stm32cubeide_1.0.2/stm32cubeide/plugins/com.st.stm32cube.ide.mcu.externaltools.gnu-tools-for-stm32.7-2018-q2-update.win32_1.0.0.201904181610/tools/bin/../lib/gcc/arm-none-eabi/7.3.1/thumb/v7-m\libgcc.a(_arm_addsubdf3.o)
                0x0000000008000238                __aeabi_drsub
                0x0000000008000240                __aeabi_dsub
                0x0000000008000240                __subdf3
                0x0000000008000244                __aeabi_dadd
                0x0000000008000244                __adddf3
                0x00000000080004bc                __floatunsidf
                0x00000000080004bc                __aeabi_ui2d
                0x00000000080004dc                __floatsidf
                0x00000000080004dc                __aeabi_i2d
                0x0000000008000500                __aeabi_f2d
                0x0000000008000500                __extendsfdf2
                0x0000000008000544                __floatundidf
                0x0000000008000544                __aeabi_ul2d
                0x0000000008000554                __floatdidf
                0x0000000008000554                __aeabi_l2d
 .text          0x00000000080005b0      0x424 m:/application/stm32cubeide_1.0.2/stm32cubeide/plugins/com.st.stm32cube.ide.mcu.externaltools.gnu-tools-for-stm32.7-2018-q2-update.win32_1.0.0.201904181610/tools/bin/../lib/gcc/arm-none-eabi/7.3.1/thumb/v7-m\libgcc.a(_arm_muldivdf3.o)
                0x00000000080005b0                __aeabi_dmul
                0x00000000080005b0                __muldf3
                0x0000000008000804                __divdf3
                0x0000000008000804                __aeabi_ddiv
 .text          0x00000000080009d4       0x40 m:/application/stm32cubeide_1.0.2/stm32cubeide/plugins/com.st.stm32cube.ide.mcu.externaltools.gnu-tools-for-stm32.7-2018-q2-update.win32_1.0.0.201904181610/tools/bin/../lib/gcc/arm-none-eabi/7.3.1/thumb/v7-m\libgcc.a(_arm_fixunsdfsi.o)
                0x00000000080009d4                __aeabi_d2uiz
                0x00000000080009d4                __fixunsdfsi
 .text          0x0000000008000a14      0x21c m:/application/stm32cubeide_1.0.2/stm32cubeide/plugins/com.st.stm32cube.ide.mcu.externaltools.gnu-tools-for-stm32.7-2018-q2-update.win32_1.0.0.201904181610/tools/bin/../lib/gcc/arm-none-eabi/7.3.1/thumb/v7-m\libgcc.a(_arm_addsubsf3.o)
                0x0000000008000a14                __aeabi_frsub
                0x0000000008000a1c                __subsf3
                0x0000000008000a1c                __aeabi_fsub
                0x0000000008000a20                __aeabi_fadd
                0x0000000008000a20                __addsf3
                0x0000000008000b80                __aeabi_ui2f
                0x0000000008000b80                __floatunsisf
                0x0000000008000b88                __aeabi_i2f
                0x0000000008000b88                __floatsisf
                0x0000000008000ba4                __aeabi_ul2f
                0x0000000008000ba4                __floatundisf
                0x0000000008000bb4                __aeabi_l2f
                0x0000000008000bb4                __floatdisf
 *(.text*)
 .text.HAL_Init
                0x0000000008000c30       0x2c Drivers/STM32F1xx_HAL_Driver/Src/stm32f1xx_hal.o
                0x0000000008000c30                HAL_Init
 .text.HAL_InitTick
                0x0000000008000c5c       0x60 Drivers/STM32F1xx_HAL_Driver/Src/stm32f1xx_hal.o
                0x0000000008000c5c                HAL_InitTick
 .text.HAL_IncTick
                0x0000000008000cbc       0x24 Drivers/STM32F1xx_HAL_Driver/Src/stm32f1xx_hal.o
                0x0000000008000cbc                HAL_IncTick
 .text.HAL_GetTick
                0x0000000008000ce0       0x14 Drivers/STM32F1xx_HAL_Driver/Src/stm32f1xx_hal.o
                0x0000000008000ce0                HAL_GetTick
 .text.HAL_Delay
                0x0000000008000cf4       0x44 Drivers/STM32F1xx_HAL_Driver/Src/stm32f1xx_hal.o
                0x0000000008000cf4                HAL_Delay
 .text.__NVIC_SetPriorityGrouping
                0x0000000008000d38       0x48 Drivers/STM32F1xx_HAL_Driver/Src/stm32f1xx_hal_cortex.o
 .text.__NVIC_GetPriorityGrouping
                0x0000000008000d80       0x1c Drivers/STM32F1xx_HAL_Driver/Src/stm32f1xx_hal_cortex.o
 .text.__NVIC_EnableIRQ
                0x0000000008000d9c       0x38 Drivers/STM32F1xx_HAL_Driver/Src/stm32f1xx_hal_cortex.o
 .text.__NVIC_SetPriority
                0x0000000008000dd4       0x54 Drivers/STM32F1xx_HAL_Driver/Src/stm32f1xx_hal_cortex.o
 .text.NVIC_EncodePriority
                0x0000000008000e28       0x64 Drivers/STM32F1xx_HAL_Driver/Src/stm32f1xx_hal_cortex.o
 .text.SysTick_Config
                0x0000000008000e8c       0x44 Drivers/STM32F1xx_HAL_Driver/Src/stm32f1xx_hal_cortex.o
 .text.HAL_NVIC_SetPriorityGrouping
                0x0000000008000ed0       0x16 Drivers/STM32F1xx_HAL_Driver/Src/stm32f1xx_hal_cortex.o
                0x0000000008000ed0                HAL_NVIC_SetPriorityGrouping
 .text.HAL_NVIC_SetPriority
                0x0000000008000ee6       0x38 Drivers/STM32F1xx_HAL_Driver/Src/stm32f1xx_hal_cortex.o
                0x0000000008000ee6                HAL_NVIC_SetPriority
 .text.HAL_NVIC_EnableIRQ
                0x0000000008000f1e       0x1c Drivers/STM32F1xx_HAL_Driver/Src/stm32f1xx_hal_cortex.o
                0x0000000008000f1e                HAL_NVIC_EnableIRQ
 .text.HAL_SYSTICK_Config
                0x0000000008000f3a       0x18 Drivers/STM32F1xx_HAL_Driver/Src/stm32f1xx_hal_cortex.o
                0x0000000008000f3a                HAL_SYSTICK_Config
 *fill*         0x0000000008000f52        0x2 
 .text.HAL_GPIO_Init
                0x0000000008000f54      0x2d4 Drivers/STM32F1xx_HAL_Driver/Src/stm32f1xx_hal_gpio.o
                0x0000000008000f54                HAL_GPIO_Init
 .text.HAL_GPIO_ReadPin
                0x0000000008001228       0x2e Drivers/STM32F1xx_HAL_Driver/Src/stm32f1xx_hal_gpio.o
                0x0000000008001228                HAL_GPIO_ReadPin
 .text.HAL_GPIO_WritePin
                0x0000000008001256       0x30 Drivers/STM32F1xx_HAL_Driver/Src/stm32f1xx_hal_gpio.o
                0x0000000008001256                HAL_GPIO_WritePin
 .text.HAL_GPIO_TogglePin
                0x0000000008001286       0x30 Drivers/STM32F1xx_HAL_Driver/Src/stm32f1xx_hal_gpio.o
                0x0000000008001286                HAL_GPIO_TogglePin
 *fill*         0x00000000080012b6        0x2 
 .text.HAL_GPIO_EXTI_IRQHandler
                0x00000000080012b8       0x30 Drivers/STM32F1xx_HAL_Driver/Src/stm32f1xx_hal_gpio.o
                0x00000000080012b8                HAL_GPIO_EXTI_IRQHandler
 .text.HAL_RCC_OscConfig
                0x00000000080012e8      0x500 Drivers/STM32F1xx_HAL_Driver/Src/stm32f1xx_hal_rcc.o
                0x00000000080012e8                HAL_RCC_OscConfig
 .text.HAL_RCC_ClockConfig
                0x00000000080017e8      0x1d4 Drivers/STM32F1xx_HAL_Driver/Src/stm32f1xx_hal_rcc.o
                0x00000000080017e8                HAL_RCC_ClockConfig
 .text.HAL_RCC_GetSysClockFreq
                0x00000000080019bc       0xc4 Drivers/STM32F1xx_HAL_Driver/Src/stm32f1xx_hal_rcc.o
                0x00000000080019bc                HAL_RCC_GetSysClockFreq
 .text.HAL_RCC_GetHCLKFreq
                0x0000000008001a80       0x14 Drivers/STM32F1xx_HAL_Driver/Src/stm32f1xx_hal_rcc.o
                0x0000000008001a80                HAL_RCC_GetHCLKFreq
 .text.HAL_RCC_GetPCLK1Freq
                0x0000000008001a94       0x28 Drivers/STM32F1xx_HAL_Driver/Src/stm32f1xx_hal_rcc.o
                0x0000000008001a94                HAL_RCC_GetPCLK1Freq
 .text.HAL_RCC_GetPCLK2Freq
                0x0000000008001abc       0x28 Drivers/STM32F1xx_HAL_Driver/Src/stm32f1xx_hal_rcc.o
                0x0000000008001abc                HAL_RCC_GetPCLK2Freq
 .text.RCC_Delay
                0x0000000008001ae4       0x3c Drivers/STM32F1xx_HAL_Driver/Src/stm32f1xx_hal_rcc.o
 .text.HAL_UART_Init
                0x0000000008001b20       0x9a Drivers/STM32F1xx_HAL_Driver/Src/stm32f1xx_hal_uart.o
                0x0000000008001b20                HAL_UART_Init
 .text.HAL_UART_Transmit
                0x0000000008001bba      0x132 Drivers/STM32F1xx_HAL_Driver/Src/stm32f1xx_hal_uart.o
                0x0000000008001bba                HAL_UART_Transmit
 .text.UART_WaitOnFlagUntilTimeout
                0x0000000008001cec       0x94 Drivers/STM32F1xx_HAL_Driver/Src/stm32f1xx_hal_uart.o
 .text.UART_SetConfig
                0x0000000008001d80      0x1b4 Drivers/STM32F1xx_HAL_Driver/Src/stm32f1xx_hal_uart.o
 .text.GameEngineLoop
                0x0000000008001f34       0xf4 Src/GameEngine.o
                0x0000000008001f34                GameEngineLoop
 .text.MX_GPIO_Init
                0x0000000008002028      0x144 Src/gpio.o
                0x0000000008002028                MX_GPIO_Init
 .text.LCD_WR_REG
                0x000000000800216c       0x48 Src/lcd.o
                0x000000000800216c                LCD_WR_REG
 .text.LCD_WR_DATAX
                0x00000000080021b4       0x48 Src/lcd.o
                0x00000000080021b4                LCD_WR_DATAX
 .text.LCD_RD_DATA
                0x00000000080021fc       0x88 Src/lcd.o
                0x00000000080021fc                LCD_RD_DATA
 .text.LCD_WriteReg
                0x0000000008002284       0x54 Src/lcd.o
                0x0000000008002284                LCD_WriteReg
 .text.LCD_ReadReg
                0x00000000080022d8       0x20 Src/lcd.o
                0x00000000080022d8                LCD_ReadReg
 .text.LCD_WriteRAM_Prepare
                0x00000000080022f8       0x18 Src/lcd.o
                0x00000000080022f8                LCD_WriteRAM_Prepare
 .text.LCD_SetCursor
                0x0000000008002310      0x598 Src/lcd.o
                0x0000000008002310                LCD_SetCursor
 .text.LCD_Scan_Dir
                0x00000000080028a8      0x624 Src/lcd.o
                0x00000000080028a8                LCD_Scan_Dir
 *fill*         0x0000000008002ecc        0x4 
 .text.LCD_SSD_BackLightSet
                0x0000000008002ed0      0x148 Src/lcd.o
                0x0000000008002ed0                LCD_SSD_BackLightSet
 .text.LCD_Display_Dir
                0x0000000008003018      0x218 Src/lcd.o
                0x0000000008003018                LCD_Display_Dir
 .text.LCD_Init
                0x0000000008003230     0x3e5c Src/lcd.o
                0x0000000008003230                LCD_Init
 .text.LCD_Clear
                0x000000000800708c       0xc4 Src/lcd.o
                0x000000000800708c                LCD_Clear
 .text.LCD_Fill
                0x0000000008007150      0x118 Src/lcd.o
                0x0000000008007150                LCD_Fill
 .text.main     0x0000000008007268       0x30 Src/main.o
                0x0000000008007268                main
 .text.SystemClock_Config
                0x0000000008007298       0x76 Src/main.o
                0x0000000008007298                SystemClock_Config
 *fill*         0x000000000800730e        0x2 
 .text.HAL_GPIO_EXTI_Callback
                0x0000000008007310       0x98 Src/main.o
                0x0000000008007310                HAL_GPIO_EXTI_Callback
 .text.Error_Handler
                0x00000000080073a8       0x14 Src/main.o
                0x00000000080073a8                Error_Handler
 .text.println  0x00000000080073bc       0x50 Src/mygpio.o
                0x00000000080073bc                println
 .text.printlnf
                0x000000000800740c       0x30 Src/mygpio.o
                0x000000000800740c                printlnf
 .text.HAL_MspInit
                0x000000000800743c       0x68 Src/stm32f1xx_hal_msp.o
                0x000000000800743c                HAL_MspInit
 .text.NMI_Handler
                0x00000000080074a4        0xc Src/stm32f1xx_it.o
                0x00000000080074a4                NMI_Handler
 .text.HardFault_Handler
                0x00000000080074b0        0x6 Src/stm32f1xx_it.o
                0x00000000080074b0                HardFault_Handler
 .text.MemManage_Handler
                0x00000000080074b6        0x6 Src/stm32f1xx_it.o
                0x00000000080074b6                MemManage_Handler
 .text.BusFault_Handler
                0x00000000080074bc        0x6 Src/stm32f1xx_it.o
                0x00000000080074bc                BusFault_Handler
 .text.UsageFault_Handler
                0x00000000080074c2        0x6 Src/stm32f1xx_it.o
                0x00000000080074c2                UsageFault_Handler
 .text.SVC_Handler
                0x00000000080074c8        0xc Src/stm32f1xx_it.o
                0x00000000080074c8                SVC_Handler
 .text.DebugMon_Handler
                0x00000000080074d4        0xc Src/stm32f1xx_it.o
                0x00000000080074d4                DebugMon_Handler
 .text.PendSV_Handler
                0x00000000080074e0        0xc Src/stm32f1xx_it.o
                0x00000000080074e0                PendSV_Handler
 .text.SysTick_Handler
                0x00000000080074ec        0xc Src/stm32f1xx_it.o
                0x00000000080074ec                SysTick_Handler
 .text.EXTI0_IRQHandler
                0x00000000080074f8        0xe Src/stm32f1xx_it.o
                0x00000000080074f8                EXTI0_IRQHandler
 .text.EXTI9_5_IRQHandler
                0x0000000008007506        0xe Src/stm32f1xx_it.o
                0x0000000008007506                EXTI9_5_IRQHandler
 .text.EXTI15_10_IRQHandler
                0x0000000008007514       0x10 Src/stm32f1xx_it.o
                0x0000000008007514                EXTI15_10_IRQHandler
 .text._sbrk    0x0000000008007524       0x58 Src/sysmem.o
                0x0000000008007524                _sbrk
 .text.SystemInit
                0x000000000800757c       0x68 Src/system_stm32f1xx.o
                0x000000000800757c                SystemInit
 .text.MX_USART1_UART_Init
                0x00000000080075e4       0x54 Src/usart.o
                0x00000000080075e4                MX_USART1_UART_Init
 .text.HAL_UART_MspInit
                0x0000000008007638       0x98 Src/usart.o
                0x0000000008007638                HAL_UART_MspInit
 .text.RemoveNode
                0x00000000080076d0       0x2a Src/Util/LinkedList.o
                0x00000000080076d0                RemoveNode
 .text.InitScreen
                0x00000000080076fa       0x82 Src/Util/Renderer.o
                0x00000000080076fa                InitScreen
 .text.Flush    0x000000000800777c       0xf0 Src/Util/Renderer.o
                0x000000000800777c                Flush
 .text.GetTime  0x000000000800786c       0x1c Src/Util/Time.o
                0x000000000800786c                GetTime
 .text.Time_OnStart
                0x0000000008007888       0x18 Src/Util/Time.o
                0x0000000008007888                Time_OnStart
 .text.Time_OnUpdate
                0x00000000080078a0       0x38 Src/Util/Time.o
                0x00000000080078a0                Time_OnUpdate
 .text.Reset_Handler
                0x00000000080078d8       0x48 Startup/startup_stm32f103rctx.o
                0x00000000080078d8                Reset_Handler
 .text.Default_Handler
                0x0000000008007920        0x2 Startup/startup_stm32f103rctx.o
                0x0000000008007920                RTC_Alarm_IRQHandler
                0x0000000008007920                EXTI2_IRQHandler
                0x0000000008007920                TIM8_TRG_COM_IRQHandler
                0x0000000008007920                TIM8_CC_IRQHandler
                0x0000000008007920                TIM1_CC_IRQHandler
                0x0000000008007920                TIM6_IRQHandler
                0x0000000008007920                PVD_IRQHandler
                0x0000000008007920                SDIO_IRQHandler
                0x0000000008007920                EXTI3_IRQHandler
                0x0000000008007920                I2C2_EV_IRQHandler
                0x0000000008007920                ADC1_2_IRQHandler
                0x0000000008007920                SPI1_IRQHandler
                0x0000000008007920                TAMPER_IRQHandler
                0x0000000008007920                TIM8_UP_IRQHandler
                0x0000000008007920                DMA2_Channel2_IRQHandler
                0x0000000008007920                DMA1_Channel4_IRQHandler
                0x0000000008007920                USART3_IRQHandler
                0x0000000008007920                RTC_IRQHandler
                0x0000000008007920                DMA1_Channel7_IRQHandler
                0x0000000008007920                CAN1_RX1_IRQHandler
                0x0000000008007920                UART5_IRQHandler
                0x0000000008007920                ADC3_IRQHandler
                0x0000000008007920                TIM4_IRQHandler
                0x0000000008007920                DMA2_Channel1_IRQHandler
                0x0000000008007920                I2C1_EV_IRQHandler
                0x0000000008007920                DMA1_Channel6_IRQHandler
                0x0000000008007920                UART4_IRQHandler
                0x0000000008007920                TIM3_IRQHandler
                0x0000000008007920                RCC_IRQHandler
                0x0000000008007920                TIM1_TRG_COM_IRQHandler
                0x0000000008007920                DMA1_Channel1_IRQHandler
                0x0000000008007920                Default_Handler
                0x0000000008007920                TIM7_IRQHandler
                0x0000000008007920                TIM5_IRQHandler
                0x0000000008007920                SPI2_IRQHandler
                0x0000000008007920                DMA1_Channel5_IRQHandler
                0x0000000008007920                EXTI4_IRQHandler
                0x0000000008007920                USB_LP_CAN1_RX0_IRQHandler
                0x0000000008007920                USB_HP_CAN1_TX_IRQHandler
                0x0000000008007920                DMA1_Channel3_IRQHandler
                0x0000000008007920                FSMC_IRQHandler
                0x0000000008007920                TIM1_UP_IRQHandler
                0x0000000008007920                WWDG_IRQHandler
                0x0000000008007920                TIM2_IRQHandler
                0x0000000008007920                TIM1_BRK_IRQHandler
                0x0000000008007920                EXTI1_IRQHandler
                0x0000000008007920                DMA2_Channel4_5_IRQHandler
                0x0000000008007920                USART2_IRQHandler
                0x0000000008007920                I2C2_ER_IRQHandler
                0x0000000008007920                DMA1_Channel2_IRQHandler
                0x0000000008007920                TIM8_BRK_IRQHandler
                0x0000000008007920                CAN1_SCE_IRQHandler
                0x0000000008007920                FLASH_IRQHandler
                0x0000000008007920                USART1_IRQHandler
                0x0000000008007920                SPI3_IRQHandler
                0x0000000008007920                I2C1_ER_IRQHandler
                0x0000000008007920                USBWakeUp_IRQHandler
                0x0000000008007920                DMA2_Channel3_IRQHandler
 *fill*         0x0000000008007922        0x2 
 .text.calloc   0x0000000008007924       0x10 m:/application/stm32cubeide_1.0.2/stm32cubeide/plugins/com.st.stm32cube.ide.mcu.externaltools.gnu-tools-for-stm32.7-2018-q2-update.win32_1.0.0.201904181610/tools/bin/../lib/gcc/arm-none-eabi/7.3.1/../../../../arm-none-eabi/lib/thumb/v7-m\libc_nano.a(lib_a-calloc.o)
                0x0000000008007924                calloc
 .text.__errno  0x0000000008007934        0xc m:/application/stm32cubeide_1.0.2/stm32cubeide/plugins/com.st.stm32cube.ide.mcu.externaltools.gnu-tools-for-stm32.7-2018-q2-update.win32_1.0.0.201904181610/tools/bin/../lib/gcc/arm-none-eabi/7.3.1/../../../../arm-none-eabi/lib/thumb/v7-m\libc_nano.a(lib_a-errno.o)
                0x0000000008007934                __errno
 .text.__libc_init_array
                0x0000000008007940       0x48 m:/application/stm32cubeide_1.0.2/stm32cubeide/plugins/com.st.stm32cube.ide.mcu.externaltools.gnu-tools-for-stm32.7-2018-q2-update.win32_1.0.0.201904181610/tools/bin/../lib/gcc/arm-none-eabi/7.3.1/../../../../arm-none-eabi/lib/thumb/v7-m\libc_nano.a(lib_a-init.o)
                0x0000000008007940                __libc_init_array
 .text.free     0x0000000008007988       0x10 m:/application/stm32cubeide_1.0.2/stm32cubeide/plugins/com.st.stm32cube.ide.mcu.externaltools.gnu-tools-for-stm32.7-2018-q2-update.win32_1.0.0.201904181610/tools/bin/../lib/gcc/arm-none-eabi/7.3.1/../../../../arm-none-eabi/lib/thumb/v7-m\libc_nano.a(lib_a-malloc.o)
                0x0000000008007988                free
 .text.memset   0x0000000008007998       0x10 m:/application/stm32cubeide_1.0.2/stm32cubeide/plugins/com.st.stm32cube.ide.mcu.externaltools.gnu-tools-for-stm32.7-2018-q2-update.win32_1.0.0.201904181610/tools/bin/../lib/gcc/arm-none-eabi/7.3.1/../../../../arm-none-eabi/lib/thumb/v7-m\libc_nano.a(lib_a-memset.o)
                0x0000000008007998                memset
 .text._calloc_r
                0x00000000080079a8       0x1c m:/application/stm32cubeide_1.0.2/stm32cubeide/plugins/com.st.stm32cube.ide.mcu.externaltools.gnu-tools-for-stm32.7-2018-q2-update.win32_1.0.0.201904181610/tools/bin/../lib/gcc/arm-none-eabi/7.3.1/../../../../arm-none-eabi/lib/thumb/v7-m\libc_nano.a(lib_a-nano-callocr.o)
                0x00000000080079a8                _calloc_r
 .text._free_r  0x00000000080079c4       0x98 m:/application/stm32cubeide_1.0.2/stm32cubeide/plugins/com.st.stm32cube.ide.mcu.externaltools.gnu-tools-for-stm32.7-2018-q2-update.win32_1.0.0.201904181610/tools/bin/../lib/gcc/arm-none-eabi/7.3.1/../../../../arm-none-eabi/lib/thumb/v7-m\libc_nano.a(lib_a-nano-freer.o)
                0x00000000080079c4                _free_r
 .text._malloc_r
                0x0000000008007a5c       0xb4 m:/application/stm32cubeide_1.0.2/stm32cubeide/plugins/com.st.stm32cube.ide.mcu.externaltools.gnu-tools-for-stm32.7-2018-q2-update.win32_1.0.0.201904181610/tools/bin/../lib/gcc/arm-none-eabi/7.3.1/../../../../arm-none-eabi/lib/thumb/v7-m\libc_nano.a(lib_a-nano-mallocr.o)
                0x0000000008007a5c                _malloc_r
 .text._sbrk_r  0x0000000008007b10       0x20 m:/application/stm32cubeide_1.0.2/stm32cubeide/plugins/com.st.stm32cube.ide.mcu.externaltools.gnu-tools-for-stm32.7-2018-q2-update.win32_1.0.0.201904181610/tools/bin/../lib/gcc/arm-none-eabi/7.3.1/../../../../arm-none-eabi/lib/thumb/v7-m\libc_nano.a(lib_a-sbrkr.o)
                0x0000000008007b10                _sbrk_r
 .text._vsprintf_r
                0x0000000008007b30       0x2c m:/application/stm32cubeide_1.0.2/stm32cubeide/plugins/com.st.stm32cube.ide.mcu.externaltools.gnu-tools-for-stm32.7-2018-q2-update.win32_1.0.0.201904181610/tools/bin/../lib/gcc/arm-none-eabi/7.3.1/../../../../arm-none-eabi/lib/thumb/v7-m\libc_nano.a(lib_a-vsprintf.o)
                0x0000000008007b30                _vsprintf_r
                0x0000000008007b30                _vsiprintf_r
 .text.vsprintf
                0x0000000008007b5c       0x14 m:/application/stm32cubeide_1.0.2/stm32cubeide/plugins/com.st.stm32cube.ide.mcu.externaltools.gnu-tools-for-stm32.7-2018-q2-update.win32_1.0.0.201904181610/tools/bin/../lib/gcc/arm-none-eabi/7.3.1/../../../../arm-none-eabi/lib/thumb/v7-m\libc_nano.a(lib_a-vsprintf.o)
                0x0000000008007b5c                vsiprintf
                0x0000000008007b5c                vsprintf
 .text.__malloc_lock
                0x0000000008007b70        0x2 m:/application/stm32cubeide_1.0.2/stm32cubeide/plugins/com.st.stm32cube.ide.mcu.externaltools.gnu-tools-for-stm32.7-2018-q2-update.win32_1.0.0.201904181610/tools/bin/../lib/gcc/arm-none-eabi/7.3.1/../../../../arm-none-eabi/lib/thumb/v7-m\libc_nano.a(lib_a-mlock.o)
                0x0000000008007b70                __malloc_lock
 .text.__malloc_unlock
                0x0000000008007b72        0x2 m:/application/stm32cubeide_1.0.2/stm32cubeide/plugins/com.st.stm32cube.ide.mcu.externaltools.gnu-tools-for-stm32.7-2018-q2-update.win32_1.0.0.201904181610/tools/bin/../lib/gcc/arm-none-eabi/7.3.1/../../../../arm-none-eabi/lib/thumb/v7-m\libc_nano.a(lib_a-mlock.o)
                0x0000000008007b72                __malloc_unlock
 .text.__ssputs_r
                0x0000000008007b74       0xb4 m:/application/stm32cubeide_1.0.2/stm32cubeide/plugins/com.st.stm32cube.ide.mcu.externaltools.gnu-tools-for-stm32.7-2018-q2-update.win32_1.0.0.201904181610/tools/bin/../lib/gcc/arm-none-eabi/7.3.1/../../../../arm-none-eabi/lib/thumb/v7-m\libc_nano.a(lib_a-nano-svfprintf.o)
                0x0000000008007b74                __ssputs_r
 .text._svfprintf_r
                0x0000000008007c28      0x1f0 m:/application/stm32cubeide_1.0.2/stm32cubeide/plugins/com.st.stm32cube.ide.mcu.externaltools.gnu-tools-for-stm32.7-2018-q2-update.win32_1.0.0.201904181610/tools/bin/../lib/gcc/arm-none-eabi/7.3.1/../../../../arm-none-eabi/lib/thumb/v7-m\libc_nano.a(lib_a-nano-svfprintf.o)
                0x0000000008007c28                _svfiprintf_r
                0x0000000008007c28                _svfprintf_r
 .text._printf_common
                0x0000000008007e18       0xec m:/application/stm32cubeide_1.0.2/stm32cubeide/plugins/com.st.stm32cube.ide.mcu.externaltools.gnu-tools-for-stm32.7-2018-q2-update.win32_1.0.0.201904181610/tools/bin/../lib/gcc/arm-none-eabi/7.3.1/../../../../arm-none-eabi/lib/thumb/v7-m\libc_nano.a(lib_a-nano-vfprintf_i.o)
                0x0000000008007e18                _printf_common
 .text._printf_i
                0x0000000008007f04      0x224 m:/application/stm32cubeide_1.0.2/stm32cubeide/plugins/com.st.stm32cube.ide.mcu.externaltools.gnu-tools-for-stm32.7-2018-q2-update.win32_1.0.0.201904181610/tools/bin/../lib/gcc/arm-none-eabi/7.3.1/../../../../arm-none-eabi/lib/thumb/v7-m\libc_nano.a(lib_a-nano-vfprintf_i.o)
                0x0000000008007f04                _printf_i
 .text.memchr   0x0000000008008128       0x1c m:/application/stm32cubeide_1.0.2/stm32cubeide/plugins/com.st.stm32cube.ide.mcu.externaltools.gnu-tools-for-stm32.7-2018-q2-update.win32_1.0.0.201904181610/tools/bin/../lib/gcc/arm-none-eabi/7.3.1/../../../../arm-none-eabi/lib/thumb/v7-m\libc_nano.a(lib_a-memchr-stub.o)
                0x0000000008008128                memchr
 .text.memcpy   0x0000000008008144       0x16 m:/application/stm32cubeide_1.0.2/stm32cubeide/plugins/com.st.stm32cube.ide.mcu.externaltools.gnu-tools-for-stm32.7-2018-q2-update.win32_1.0.0.201904181610/tools/bin/../lib/gcc/arm-none-eabi/7.3.1/../../../../arm-none-eabi/lib/thumb/v7-m\libc_nano.a(lib_a-memcpy-stub.o)
                0x0000000008008144                memcpy
 .text.memmove  0x000000000800815a       0x32 m:/application/stm32cubeide_1.0.2/stm32cubeide/plugins/com.st.stm32cube.ide.mcu.externaltools.gnu-tools-for-stm32.7-2018-q2-update.win32_1.0.0.201904181610/tools/bin/../lib/gcc/arm-none-eabi/7.3.1/../../../../arm-none-eabi/lib/thumb/v7-m\libc_nano.a(lib_a-memmove.o)
                0x000000000800815a                memmove
 .text._realloc_r
                0x000000000800818c       0x4c m:/application/stm32cubeide_1.0.2/stm32cubeide/plugins/com.st.stm32cube.ide.mcu.externaltools.gnu-tools-for-stm32.7-2018-q2-update.win32_1.0.0.201904181610/tools/bin/../lib/gcc/arm-none-eabi/7.3.1/../../../../arm-none-eabi/lib/thumb/v7-m\libc_nano.a(lib_a-nano-reallocr.o)
                0x000000000800818c                _realloc_r
 .text._malloc_usable_size_r
                0x00000000080081d8       0x10 m:/application/stm32cubeide_1.0.2/stm32cubeide/plugins/com.st.stm32cube.ide.mcu.externaltools.gnu-tools-for-stm32.7-2018-q2-update.win32_1.0.0.201904181610/tools/bin/../lib/gcc/arm-none-eabi/7.3.1/../../../../arm-none-eabi/lib/thumb/v7-m\libc_nano.a(lib_a-nano-msizer.o)
                0x00000000080081d8                _malloc_usable_size_r
 *(.glue_7)
 .glue_7        0x00000000080081e8        0x0 linker stubs
 *(.glue_7t)
 .glue_7t       0x00000000080081e8        0x0 linker stubs
 *(.eh_frame)
 .eh_frame      0x00000000080081e8        0x0 m:/application/stm32cubeide_1.0.2/stm32cubeide/plugins/com.st.stm32cube.ide.mcu.externaltools.gnu-tools-for-stm32.7-2018-q2-update.win32_1.0.0.201904181610/tools/bin/../lib/gcc/arm-none-eabi/7.3.1/thumb/v7-m/crtbegin.o
 *(.init)
 .init          0x00000000080081e8        0x4 m:/application/stm32cubeide_1.0.2/stm32cubeide/plugins/com.st.stm32cube.ide.mcu.externaltools.gnu-tools-for-stm32.7-2018-q2-update.win32_1.0.0.201904181610/tools/bin/../lib/gcc/arm-none-eabi/7.3.1/thumb/v7-m/crti.o
                0x00000000080081e8                _init
 .init          0x00000000080081ec        0x8 m:/application/stm32cubeide_1.0.2/stm32cubeide/plugins/com.st.stm32cube.ide.mcu.externaltools.gnu-tools-for-stm32.7-2018-q2-update.win32_1.0.0.201904181610/tools/bin/../lib/gcc/arm-none-eabi/7.3.1/thumb/v7-m/crtn.o
 *(.fini)
 .fini          0x00000000080081f4        0x4 m:/application/stm32cubeide_1.0.2/stm32cubeide/plugins/com.st.stm32cube.ide.mcu.externaltools.gnu-tools-for-stm32.7-2018-q2-update.win32_1.0.0.201904181610/tools/bin/../lib/gcc/arm-none-eabi/7.3.1/thumb/v7-m/crti.o
                0x00000000080081f4                _fini
 .fini          0x00000000080081f8        0x8 m:/application/stm32cubeide_1.0.2/stm32cubeide/plugins/com.st.stm32cube.ide.mcu.externaltools.gnu-tools-for-stm32.7-2018-q2-update.win32_1.0.0.201904181610/tools/bin/../lib/gcc/arm-none-eabi/7.3.1/thumb/v7-m/crtn.o
                0x0000000008008200                . = ALIGN (0x4)
                0x0000000008008200                _etext = .

.vfp11_veneer   0x0000000008008200        0x0
 .vfp11_veneer  0x0000000008008200        0x0 linker stubs

.v4_bx          0x0000000008008200        0x0
 .v4_bx         0x0000000008008200        0x0 linker stubs

.iplt           0x0000000008008200        0x0
 .iplt          0x0000000008008200        0x0 m:/application/stm32cubeide_1.0.2/stm32cubeide/plugins/com.st.stm32cube.ide.mcu.externaltools.gnu-tools-for-stm32.7-2018-q2-update.win32_1.0.0.201904181610/tools/bin/../lib/gcc/arm-none-eabi/7.3.1/thumb/v7-m/crtbegin.o

.rodata         0x0000000008008200       0xbc
                0x0000000008008200                . = ALIGN (0x4)
 *(.rodata)
 .rodata        0x0000000008008200       0x12 Drivers/STM32F1xx_HAL_Driver/Src/stm32f1xx_hal_rcc.o
 *fill*         0x0000000008008212        0x2 
 .rodata        0x0000000008008214       0x20 Src/GameEngine.o
 .rodata        0x0000000008008234        0xa Src/main.o
 *fill*         0x000000000800823e        0x2 
 .rodata        0x0000000008008240        0x2 Src/mygpio.o
 *fill*         0x0000000008008242        0x2 
 .rodata        0x0000000008008244       0x2a Src/Util/Renderer.o
 *(.rodata*)
 *fill*         0x000000000800826e        0x2 
 .rodata.AHBPrescTable
                0x0000000008008270       0x10 Src/system_stm32f1xx.o
                0x0000000008008270                AHBPrescTable
 .rodata.APBPrescTable
                0x0000000008008280        0x8 Src/system_stm32f1xx.o
                0x0000000008008280                APBPrescTable
 .rodata._svfprintf_r.str1.1
                0x0000000008008288       0x11 m:/application/stm32cubeide_1.0.2/stm32cubeide/plugins/com.st.stm32cube.ide.mcu.externaltools.gnu-tools-for-stm32.7-2018-q2-update.win32_1.0.0.201904181610/tools/bin/../lib/gcc/arm-none-eabi/7.3.1/../../../../arm-none-eabi/lib/thumb/v7-m\libc_nano.a(lib_a-nano-svfprintf.o)
 .rodata._printf_i.str1.1
                0x0000000008008299       0x22 m:/application/stm32cubeide_1.0.2/stm32cubeide/plugins/com.st.stm32cube.ide.mcu.externaltools.gnu-tools-for-stm32.7-2018-q2-update.win32_1.0.0.201904181610/tools/bin/../lib/gcc/arm-none-eabi/7.3.1/../../../../arm-none-eabi/lib/thumb/v7-m\libc_nano.a(lib_a-nano-vfprintf_i.o)
                0x00000000080082bc                . = ALIGN (0x4)
 *fill*         0x00000000080082bb        0x1 

.rel.dyn        0x00000000080082bc        0x0
 .rel.iplt      0x00000000080082bc        0x0 m:/application/stm32cubeide_1.0.2/stm32cubeide/plugins/com.st.stm32cube.ide.mcu.externaltools.gnu-tools-for-stm32.7-2018-q2-update.win32_1.0.0.201904181610/tools/bin/../lib/gcc/arm-none-eabi/7.3.1/thumb/v7-m/crtbegin.o

.ARM.extab      0x00000000080082bc        0x0
                0x00000000080082bc                . = ALIGN (0x4)
 *(.ARM.extab* .gnu.linkonce.armextab.*)
                0x00000000080082bc                . = ALIGN (0x4)

.ARM            0x00000000080082bc        0x0
                0x00000000080082bc                . = ALIGN (0x4)
                0x00000000080082bc                __exidx_start = .
 *(.ARM.exidx*)
                0x00000000080082bc                __exidx_end = .
                0x00000000080082bc                . = ALIGN (0x4)

.preinit_array  0x00000000080082bc        0x0
                0x00000000080082bc                . = ALIGN (0x4)
                0x00000000080082bc                PROVIDE (__preinit_array_start = .)
 *(.preinit_array*)
                0x00000000080082bc                PROVIDE (__preinit_array_end = .)
                0x00000000080082bc                . = ALIGN (0x4)

.init_array     0x00000000080082bc        0x4
                0x00000000080082bc                . = ALIGN (0x4)
                0x00000000080082bc                PROVIDE (__init_array_start = .)
 *(SORT_BY_NAME(.init_array.*))
 *(.init_array*)
 .init_array    0x00000000080082bc        0x4 m:/application/stm32cubeide_1.0.2/stm32cubeide/plugins/com.st.stm32cube.ide.mcu.externaltools.gnu-tools-for-stm32.7-2018-q2-update.win32_1.0.0.201904181610/tools/bin/../lib/gcc/arm-none-eabi/7.3.1/thumb/v7-m/crtbegin.o
                0x00000000080082c0                PROVIDE (__init_array_end = .)
                0x00000000080082c0                . = ALIGN (0x4)

.fini_array     0x00000000080082c0        0x4
                0x00000000080082c0                . = ALIGN (0x4)
                [!provide]                        PROVIDE (__fini_array_start = .)
 *(SORT_BY_NAME(.fini_array.*))
 *(.fini_array*)
 .fini_array    0x00000000080082c0        0x4 m:/application/stm32cubeide_1.0.2/stm32cubeide/plugins/com.st.stm32cube.ide.mcu.externaltools.gnu-tools-for-stm32.7-2018-q2-update.win32_1.0.0.201904181610/tools/bin/../lib/gcc/arm-none-eabi/7.3.1/thumb/v7-m/crtbegin.o
                [!provide]                        PROVIDE (__fini_array_end = .)
                0x00000000080082c4                . = ALIGN (0x4)
                0x00000000080082c4                _sidata = LOADADDR (.data)

.data           0x0000000020000000       0x70 load address 0x00000000080082c4
                0x0000000020000000                . = ALIGN (0x4)
                0x0000000020000000                _sdata = .
 *(.data)
 *(.data*)
 .data.uwTickPrio
                0x0000000020000000        0x4 Drivers/STM32F1xx_HAL_Driver/Src/stm32f1xx_hal.o
                0x0000000020000000                uwTickPrio
 .data.uwTickFreq
                0x0000000020000004        0x1 Drivers/STM32F1xx_HAL_Driver/Src/stm32f1xx_hal.o
                0x0000000020000004                uwTickFreq
 *fill*         0x0000000020000005        0x3 
 .data.SystemCoreClock
                0x0000000020000008        0x4 Src/system_stm32f1xx.o
                0x0000000020000008                SystemCoreClock
 .data._impure_ptr
                0x000000002000000c        0x4 m:/application/stm32cubeide_1.0.2/stm32cubeide/plugins/com.st.stm32cube.ide.mcu.externaltools.gnu-tools-for-stm32.7-2018-q2-update.win32_1.0.0.201904181610/tools/bin/../lib/gcc/arm-none-eabi/7.3.1/../../../../arm-none-eabi/lib/thumb/v7-m\libc_nano.a(lib_a-impure.o)
                0x000000002000000c                _impure_ptr
 .data.impure_data
                0x0000000020000010       0x60 m:/application/stm32cubeide_1.0.2/stm32cubeide/plugins/com.st.stm32cube.ide.mcu.externaltools.gnu-tools-for-stm32.7-2018-q2-update.win32_1.0.0.201904181610/tools/bin/../lib/gcc/arm-none-eabi/7.3.1/../../../../arm-none-eabi/lib/thumb/v7-m\libc_nano.a(lib_a-impure.o)
                0x0000000020000070                . = ALIGN (0x4)
                0x0000000020000070                _edata = .

.igot.plt       0x0000000020000070        0x0 load address 0x0000000008008334
 .igot.plt      0x0000000020000070        0x0 m:/application/stm32cubeide_1.0.2/stm32cubeide/plugins/com.st.stm32cube.ide.mcu.externaltools.gnu-tools-for-stm32.7-2018-q2-update.win32_1.0.0.201904181610/tools/bin/../lib/gcc/arm-none-eabi/7.3.1/thumb/v7-m/crtbegin.o
                0x0000000020000070                . = ALIGN (0x4)

.bss            0x0000000020000070       0xdc load address 0x0000000008008334
                0x0000000020000070                _sbss = .
                0x0000000020000070                __bss_start__ = _sbss
 *(.bss)
 .bss           0x0000000020000070       0x1c m:/application/stm32cubeide_1.0.2/stm32cubeide/plugins/com.st.stm32cube.ide.mcu.externaltools.gnu-tools-for-stm32.7-2018-q2-update.win32_1.0.0.201904181610/tools/bin/../lib/gcc/arm-none-eabi/7.3.1/thumb/v7-m/crtbegin.o
 *(.bss*)
 .bss.heap_end.5149
                0x000000002000008c        0x4 Src/sysmem.o
 .bss.__last_screen
                0x0000000020000090        0x4 Src/Util/Renderer.o
                0x0000000020000090                __last_screen
 .bss.__Time_Last_Update
                0x0000000020000094        0x4 Src/Util/Time.o
                0x0000000020000094                __Time_Last_Update
 .bss.__malloc_free_list
                0x0000000020000098        0x4 m:/application/stm32cubeide_1.0.2/stm32cubeide/plugins/com.st.stm32cube.ide.mcu.externaltools.gnu-tools-for-stm32.7-2018-q2-update.win32_1.0.0.201904181610/tools/bin/../lib/gcc/arm-none-eabi/7.3.1/../../../../arm-none-eabi/lib/thumb/v7-m\libc_nano.a(lib_a-nano-mallocr.o)
                0x0000000020000098                __malloc_free_list
 .bss.__malloc_sbrk_start
                0x000000002000009c        0x4 m:/application/stm32cubeide_1.0.2/stm32cubeide/plugins/com.st.stm32cube.ide.mcu.externaltools.gnu-tools-for-stm32.7-2018-q2-update.win32_1.0.0.201904181610/tools/bin/../lib/gcc/arm-none-eabi/7.3.1/../../../../arm-none-eabi/lib/thumb/v7-m\libc_nano.a(lib_a-nano-mallocr.o)
                0x000000002000009c                __malloc_sbrk_start
 *(COMMON)
 COMMON         0x00000000200000a0        0x4 Drivers/STM32F1xx_HAL_Driver/Src/stm32f1xx_hal.o
                0x00000000200000a0                uwTick
 COMMON         0x00000000200000a4       0x20 Src/GameEngine.o
                0x00000000200000a4                screen
                0x00000000200000a8                UI
                0x00000000200000b4                objects
                0x00000000200000c0                delta_time
 COMMON         0x00000000200000c4        0xe Src/lcd.o
                0x00000000200000c4                lcddev
 *fill*         0x00000000200000d2        0x2 
 COMMON         0x00000000200000d4       0x32 Src/mygpio.o
                0x00000000200000d4                __msg
 *fill*         0x0000000020000106        0x2 
 COMMON         0x0000000020000108       0x40 Src/usart.o
                0x0000000020000108                huart1
 COMMON         0x0000000020000148        0x4 m:/application/stm32cubeide_1.0.2/stm32cubeide/plugins/com.st.stm32cube.ide.mcu.externaltools.gnu-tools-for-stm32.7-2018-q2-update.win32_1.0.0.201904181610/tools/bin/../lib/gcc/arm-none-eabi/7.3.1/../../../../arm-none-eabi/lib/thumb/v7-m\libc_nano.a(lib_a-reent.o)
                0x0000000020000148                errno
                0x000000002000014c                . = ALIGN (0x4)
                0x000000002000014c                _ebss = .
                0x000000002000014c                __bss_end__ = _ebss

._user_heap_stack
                0x000000002000014c      0x604 load address 0x0000000008008334
                0x0000000020000150                . = ALIGN (0x8)
 *fill*         0x000000002000014c        0x4 
                0x0000000020000150                PROVIDE (end = .)
                [!provide]                        PROVIDE (_end = .)
                0x0000000020000350                . = (. + _Min_Heap_Size)
 *fill*         0x0000000020000150      0x200 
                0x0000000020000750                . = (. + _Min_Stack_Size)
 *fill*         0x0000000020000350      0x400 
                0x0000000020000750                . = ALIGN (0x8)

/DISCARD/
 libc.a(*)
 libm.a(*)
 libgcc.a(*)

.ARM.attributes
                0x0000000000000000       0x29
 *(.ARM.attributes)
 .ARM.attributes
                0x0000000000000000       0x1d m:/application/stm32cubeide_1.0.2/stm32cubeide/plugins/com.st.stm32cube.ide.mcu.externaltools.gnu-tools-for-stm32.7-2018-q2-update.win32_1.0.0.201904181610/tools/bin/../lib/gcc/arm-none-eabi/7.3.1/thumb/v7-m/crti.o
 .ARM.attributes
                0x000000000000001d       0x2d m:/application/stm32cubeide_1.0.2/stm32cubeide/plugins/com.st.stm32cube.ide.mcu.externaltools.gnu-tools-for-stm32.7-2018-q2-update.win32_1.0.0.201904181610/tools/bin/../lib/gcc/arm-none-eabi/7.3.1/thumb/v7-m/crtbegin.o
 .ARM.attributes
                0x000000000000004a       0x33 Drivers/STM32F1xx_HAL_Driver/Src/stm32f1xx_hal.o
 .ARM.attributes
                0x000000000000007d       0x33 Drivers/STM32F1xx_HAL_Driver/Src/stm32f1xx_hal_cortex.o
 .ARM.attributes
                0x00000000000000b0       0x33 Drivers/STM32F1xx_HAL_Driver/Src/stm32f1xx_hal_gpio.o
 .ARM.attributes
                0x00000000000000e3       0x33 Drivers/STM32F1xx_HAL_Driver/Src/stm32f1xx_hal_rcc.o
 .ARM.attributes
                0x0000000000000116       0x33 Drivers/STM32F1xx_HAL_Driver/Src/stm32f1xx_hal_uart.o
 .ARM.attributes
                0x0000000000000149       0x33 Src/GameEngine.o
 .ARM.attributes
                0x000000000000017c       0x33 Src/gpio.o
 .ARM.attributes
                0x00000000000001af       0x33 Src/lcd.o
 .ARM.attributes
                0x00000000000001e2       0x33 Src/main.o
 .ARM.attributes
                0x0000000000000215       0x33 Src/mygpio.o
 .ARM.attributes
                0x0000000000000248       0x33 Src/stm32f1xx_hal_msp.o
 .ARM.attributes
                0x000000000000027b       0x33 Src/stm32f1xx_it.o
 .ARM.attributes
                0x00000000000002ae       0x33 Src/sysmem.o
 .ARM.attributes
                0x00000000000002e1       0x33 Src/system_stm32f1xx.o
 .ARM.attributes
                0x0000000000000314       0x33 Src/usart.o
 .ARM.attributes
                0x0000000000000347       0x33 Src/Util/LinkedList.o
 .ARM.attributes
                0x000000000000037a       0x33 Src/Util/Renderer.o
 .ARM.attributes
                0x00000000000003ad       0x33 Src/Util/Time.o
 .ARM.attributes
                0x00000000000003e0       0x21 Startup/startup_stm32f103rctx.o
 .ARM.attributes
                0x0000000000000401       0x2d m:/application/stm32cubeide_1.0.2/stm32cubeide/plugins/com.st.stm32cube.ide.mcu.externaltools.gnu-tools-for-stm32.7-2018-q2-update.win32_1.0.0.201904181610/tools/bin/../lib/gcc/arm-none-eabi/7.3.1/../../../../arm-none-eabi/lib/thumb/v7-m\libc_nano.a(lib_a-calloc.o)
 .ARM.attributes
                0x000000000000042e       0x2d m:/application/stm32cubeide_1.0.2/stm32cubeide/plugins/com.st.stm32cube.ide.mcu.externaltools.gnu-tools-for-stm32.7-2018-q2-update.win32_1.0.0.201904181610/tools/bin/../lib/gcc/arm-none-eabi/7.3.1/../../../../arm-none-eabi/lib/thumb/v7-m\libc_nano.a(lib_a-errno.o)
 .ARM.attributes
                0x000000000000045b       0x2d m:/application/stm32cubeide_1.0.2/stm32cubeide/plugins/com.st.stm32cube.ide.mcu.externaltools.gnu-tools-for-stm32.7-2018-q2-update.win32_1.0.0.201904181610/tools/bin/../lib/gcc/arm-none-eabi/7.3.1/../../../../arm-none-eabi/lib/thumb/v7-m\libc_nano.a(lib_a-impure.o)
 .ARM.attributes
                0x0000000000000488       0x2d m:/application/stm32cubeide_1.0.2/stm32cubeide/plugins/com.st.stm32cube.ide.mcu.externaltools.gnu-tools-for-stm32.7-2018-q2-update.win32_1.0.0.201904181610/tools/bin/../lib/gcc/arm-none-eabi/7.3.1/../../../../arm-none-eabi/lib/thumb/v7-m\libc_nano.a(lib_a-init.o)
 .ARM.attributes
                0x00000000000004b5       0x2d m:/application/stm32cubeide_1.0.2/stm32cubeide/plugins/com.st.stm32cube.ide.mcu.externaltools.gnu-tools-for-stm32.7-2018-q2-update.win32_1.0.0.201904181610/tools/bin/../lib/gcc/arm-none-eabi/7.3.1/../../../../arm-none-eabi/lib/thumb/v7-m\libc_nano.a(lib_a-malloc.o)
 .ARM.attributes
                0x00000000000004e2       0x2d m:/application/stm32cubeide_1.0.2/stm32cubeide/plugins/com.st.stm32cube.ide.mcu.externaltools.gnu-tools-for-stm32.7-2018-q2-update.win32_1.0.0.201904181610/tools/bin/../lib/gcc/arm-none-eabi/7.3.1/../../../../arm-none-eabi/lib/thumb/v7-m\libc_nano.a(lib_a-memset.o)
 .ARM.attributes
                0x000000000000050f       0x2d m:/application/stm32cubeide_1.0.2/stm32cubeide/plugins/com.st.stm32cube.ide.mcu.externaltools.gnu-tools-for-stm32.7-2018-q2-update.win32_1.0.0.201904181610/tools/bin/../lib/gcc/arm-none-eabi/7.3.1/../../../../arm-none-eabi/lib/thumb/v7-m\libc_nano.a(lib_a-nano-callocr.o)
 .ARM.attributes
                0x000000000000053c       0x2d m:/application/stm32cubeide_1.0.2/stm32cubeide/plugins/com.st.stm32cube.ide.mcu.externaltools.gnu-tools-for-stm32.7-2018-q2-update.win32_1.0.0.201904181610/tools/bin/../lib/gcc/arm-none-eabi/7.3.1/../../../../arm-none-eabi/lib/thumb/v7-m\libc_nano.a(lib_a-nano-freer.o)
 .ARM.attributes
                0x0000000000000569       0x2d m:/application/stm32cubeide_1.0.2/stm32cubeide/plugins/com.st.stm32cube.ide.mcu.externaltools.gnu-tools-for-stm32.7-2018-q2-update.win32_1.0.0.201904181610/tools/bin/../lib/gcc/arm-none-eabi/7.3.1/../../../../arm-none-eabi/lib/thumb/v7-m\libc_nano.a(lib_a-nano-mallocr.o)
 .ARM.attributes
                0x0000000000000596       0x2d m:/application/stm32cubeide_1.0.2/stm32cubeide/plugins/com.st.stm32cube.ide.mcu.externaltools.gnu-tools-for-stm32.7-2018-q2-update.win32_1.0.0.201904181610/tools/bin/../lib/gcc/arm-none-eabi/7.3.1/../../../../arm-none-eabi/lib/thumb/v7-m\libc_nano.a(lib_a-sbrkr.o)
 .ARM.attributes
                0x00000000000005c3       0x17 m:/application/stm32cubeide_1.0.2/stm32cubeide/plugins/com.st.stm32cube.ide.mcu.externaltools.gnu-tools-for-stm32.7-2018-q2-update.win32_1.0.0.201904181610/tools/bin/../lib/gcc/arm-none-eabi/7.3.1/../../../../arm-none-eabi/lib/thumb/v7-m\libc_nano.a(lib_a-strlen.o)
 .ARM.attributes
                0x00000000000005da       0x2d m:/application/stm32cubeide_1.0.2/stm32cubeide/plugins/com.st.stm32cube.ide.mcu.externaltools.gnu-tools-for-stm32.7-2018-q2-update.win32_1.0.0.201904181610/tools/bin/../lib/gcc/arm-none-eabi/7.3.1/../../../../arm-none-eabi/lib/thumb/v7-m\libc_nano.a(lib_a-vsprintf.o)
 .ARM.attributes
                0x0000000000000607       0x2d m:/application/stm32cubeide_1.0.2/stm32cubeide/plugins/com.st.stm32cube.ide.mcu.externaltools.gnu-tools-for-stm32.7-2018-q2-update.win32_1.0.0.201904181610/tools/bin/../lib/gcc/arm-none-eabi/7.3.1/../../../../arm-none-eabi/lib/thumb/v7-m\libc_nano.a(lib_a-mlock.o)
 .ARM.attributes
                0x0000000000000634       0x2d m:/application/stm32cubeide_1.0.2/stm32cubeide/plugins/com.st.stm32cube.ide.mcu.externaltools.gnu-tools-for-stm32.7-2018-q2-update.win32_1.0.0.201904181610/tools/bin/../lib/gcc/arm-none-eabi/7.3.1/../../../../arm-none-eabi/lib/thumb/v7-m\libc_nano.a(lib_a-nano-svfprintf.o)
 .ARM.attributes
                0x0000000000000661       0x2d m:/application/stm32cubeide_1.0.2/stm32cubeide/plugins/com.st.stm32cube.ide.mcu.externaltools.gnu-tools-for-stm32.7-2018-q2-update.win32_1.0.0.201904181610/tools/bin/../lib/gcc/arm-none-eabi/7.3.1/../../../../arm-none-eabi/lib/thumb/v7-m\libc_nano.a(lib_a-nano-vfprintf_i.o)
 .ARM.attributes
                0x000000000000068e       0x2d m:/application/stm32cubeide_1.0.2/stm32cubeide/plugins/com.st.stm32cube.ide.mcu.externaltools.gnu-tools-for-stm32.7-2018-q2-update.win32_1.0.0.201904181610/tools/bin/../lib/gcc/arm-none-eabi/7.3.1/../../../../arm-none-eabi/lib/thumb/v7-m\libc_nano.a(lib_a-reent.o)
 .ARM.attributes
                0x00000000000006bb       0x2d m:/application/stm32cubeide_1.0.2/stm32cubeide/plugins/com.st.stm32cube.ide.mcu.externaltools.gnu-tools-for-stm32.7-2018-q2-update.win32_1.0.0.201904181610/tools/bin/../lib/gcc/arm-none-eabi/7.3.1/../../../../arm-none-eabi/lib/thumb/v7-m\libc_nano.a(lib_a-memchr-stub.o)
 .ARM.attributes
                0x00000000000006e8       0x2d m:/application/stm32cubeide_1.0.2/stm32cubeide/plugins/com.st.stm32cube.ide.mcu.externaltools.gnu-tools-for-stm32.7-2018-q2-update.win32_1.0.0.201904181610/tools/bin/../lib/gcc/arm-none-eabi/7.3.1/../../../../arm-none-eabi/lib/thumb/v7-m\libc_nano.a(lib_a-memcpy-stub.o)
 .ARM.attributes
                0x0000000000000715       0x2d m:/application/stm32cubeide_1.0.2/stm32cubeide/plugins/com.st.stm32cube.ide.mcu.externaltools.gnu-tools-for-stm32.7-2018-q2-update.win32_1.0.0.201904181610/tools/bin/../lib/gcc/arm-none-eabi/7.3.1/../../../../arm-none-eabi/lib/thumb/v7-m\libc_nano.a(lib_a-memmove.o)
 .ARM.attributes
                0x0000000000000742       0x2d m:/application/stm32cubeide_1.0.2/stm32cubeide/plugins/com.st.stm32cube.ide.mcu.externaltools.gnu-tools-for-stm32.7-2018-q2-update.win32_1.0.0.201904181610/tools/bin/../lib/gcc/arm-none-eabi/7.3.1/../../../../arm-none-eabi/lib/thumb/v7-m\libc_nano.a(lib_a-nano-reallocr.o)
 .ARM.attributes
                0x000000000000076f       0x2d m:/application/stm32cubeide_1.0.2/stm32cubeide/plugins/com.st.stm32cube.ide.mcu.externaltools.gnu-tools-for-stm32.7-2018-q2-update.win32_1.0.0.201904181610/tools/bin/../lib/gcc/arm-none-eabi/7.3.1/../../../../arm-none-eabi/lib/thumb/v7-m\libc_nano.a(lib_a-nano-msizer.o)
 .ARM.attributes
                0x000000000000079c       0x1d m:/application/stm32cubeide_1.0.2/stm32cubeide/plugins/com.st.stm32cube.ide.mcu.externaltools.gnu-tools-for-stm32.7-2018-q2-update.win32_1.0.0.201904181610/tools/bin/../lib/gcc/arm-none-eabi/7.3.1/thumb/v7-m\libgcc.a(_arm_addsubdf3.o)
 .ARM.attributes
                0x00000000000007b9       0x1d m:/application/stm32cubeide_1.0.2/stm32cubeide/plugins/com.st.stm32cube.ide.mcu.externaltools.gnu-tools-for-stm32.7-2018-q2-update.win32_1.0.0.201904181610/tools/bin/../lib/gcc/arm-none-eabi/7.3.1/thumb/v7-m\libgcc.a(_arm_muldivdf3.o)
 .ARM.attributes
                0x00000000000007d6       0x1d m:/application/stm32cubeide_1.0.2/stm32cubeide/plugins/com.st.stm32cube.ide.mcu.externaltools.gnu-tools-for-stm32.7-2018-q2-update.win32_1.0.0.201904181610/tools/bin/../lib/gcc/arm-none-eabi/7.3.1/thumb/v7-m\libgcc.a(_arm_fixunsdfsi.o)
 .ARM.attributes
                0x00000000000007f3       0x1d m:/application/stm32cubeide_1.0.2/stm32cubeide/plugins/com.st.stm32cube.ide.mcu.externaltools.gnu-tools-for-stm32.7-2018-q2-update.win32_1.0.0.201904181610/tools/bin/../lib/gcc/arm-none-eabi/7.3.1/thumb/v7-m\libgcc.a(_arm_addsubsf3.o)
 .ARM.attributes
                0x0000000000000810       0x1d m:/application/stm32cubeide_1.0.2/stm32cubeide/plugins/com.st.stm32cube.ide.mcu.externaltools.gnu-tools-for-stm32.7-2018-q2-update.win32_1.0.0.201904181610/tools/bin/../lib/gcc/arm-none-eabi/7.3.1/thumb/v7-m/crtn.o
OUTPUT(LCD_Module.elf elf32-littlearm)

.debug_info     0x0000000000000000     0xaac0
 .debug_info    0x0000000000000000      0x764 Drivers/STM32F1xx_HAL_Driver/Src/stm32f1xx_hal.o
 .debug_info    0x0000000000000764      0xbac Drivers/STM32F1xx_HAL_Driver/Src/stm32f1xx_hal_cortex.o
 .debug_info    0x0000000000001310      0x681 Drivers/STM32F1xx_HAL_Driver/Src/stm32f1xx_hal_gpio.o
 .debug_info    0x0000000000001991      0x804 Drivers/STM32F1xx_HAL_Driver/Src/stm32f1xx_hal_rcc.o
 .debug_info    0x0000000000002195     0x11e3 Drivers/STM32F1xx_HAL_Driver/Src/stm32f1xx_hal_uart.o
 .debug_info    0x0000000000003378      0xc07 Src/GameEngine.o
 .debug_info    0x0000000000003f7f      0x4fe Src/gpio.o
 .debug_info    0x000000000000447d     0x164e Src/lcd.o
 .debug_info    0x0000000000005acb     0x112c Src/main.o
 .debug_info    0x0000000000006bf7      0xe47 Src/mygpio.o
 .debug_info    0x0000000000007a3e      0x2cb Src/stm32f1xx_hal_msp.o
 .debug_info    0x0000000000007d09      0x243 Src/stm32f1xx_it.o
 .debug_info    0x0000000000007f4c      0x91c Src/sysmem.o
 .debug_info    0x0000000000008868      0x433 Src/system_stm32f1xx.o
 .debug_info    0x0000000000008c9b      0x7a8 Src/usart.o
 .debug_info    0x0000000000009443      0x98a Src/Util/LinkedList.o
 .debug_info    0x0000000000009dcd      0xc34 Src/Util/Renderer.o
 .debug_info    0x000000000000aa01       0x9d Src/Util/Time.o
 .debug_info    0x000000000000aa9e       0x22 Startup/startup_stm32f103rctx.o

.debug_abbrev   0x0000000000000000     0x1fd0
 .debug_abbrev  0x0000000000000000      0x1d8 Drivers/STM32F1xx_HAL_Driver/Src/stm32f1xx_hal.o
 .debug_abbrev  0x00000000000001d8      0x2d5 Drivers/STM32F1xx_HAL_Driver/Src/stm32f1xx_hal_cortex.o
 .debug_abbrev  0x00000000000004ad      0x1c0 Drivers/STM32F1xx_HAL_Driver/Src/stm32f1xx_hal_gpio.o
 .debug_abbrev  0x000000000000066d      0x243 Drivers/STM32F1xx_HAL_Driver/Src/stm32f1xx_hal_rcc.o
 .debug_abbrev  0x00000000000008b0      0x242 Drivers/STM32F1xx_HAL_Driver/Src/stm32f1xx_hal_uart.o
 .debug_abbrev  0x0000000000000af2      0x1d5 Src/GameEngine.o
 .debug_abbrev  0x0000000000000cc7      0x13d Src/gpio.o
 .debug_abbrev  0x0000000000000e04      0x30f Src/lcd.o
 .debug_abbrev  0x0000000000001113      0x216 Src/main.o
 .debug_abbrev  0x0000000000001329      0x20c Src/mygpio.o
 .debug_abbrev  0x0000000000001535      0x109 Src/stm32f1xx_hal_msp.o
 .debug_abbrev  0x000000000000163e       0xc6 Src/stm32f1xx_it.o
 .debug_abbrev  0x0000000000001704      0x1bb Src/sysmem.o
 .debug_abbrev  0x00000000000018bf      0x134 Src/system_stm32f1xx.o
 .debug_abbrev  0x00000000000019f3      0x199 Src/usart.o
 .debug_abbrev  0x0000000000001b8c      0x1b9 Src/Util/LinkedList.o
 .debug_abbrev  0x0000000000001d45      0x1f1 Src/Util/Renderer.o
 .debug_abbrev  0x0000000000001f36       0x88 Src/Util/Time.o
 .debug_abbrev  0x0000000000001fbe       0x12 Startup/startup_stm32f103rctx.o

.debug_aranges  0x0000000000000000      0x810
 .debug_aranges
                0x0000000000000000       0xe0 Drivers/STM32F1xx_HAL_Driver/Src/stm32f1xx_hal.o
 .debug_aranges
                0x00000000000000e0      0x100 Drivers/STM32F1xx_HAL_Driver/Src/stm32f1xx_hal_cortex.o
 .debug_aranges
                0x00000000000001e0       0x58 Drivers/STM32F1xx_HAL_Driver/Src/stm32f1xx_hal_gpio.o
 .debug_aranges
                0x0000000000000238       0x90 Drivers/STM32F1xx_HAL_Driver/Src/stm32f1xx_hal_rcc.o
 .debug_aranges
                0x00000000000002c8      0x1d0 Drivers/STM32F1xx_HAL_Driver/Src/stm32f1xx_hal_uart.o
 .debug_aranges
                0x0000000000000498       0x20 Src/GameEngine.o
 .debug_aranges
                0x00000000000004b8       0x20 Src/gpio.o
 .debug_aranges
                0x00000000000004d8      0x118 Src/lcd.o
 .debug_aranges
                0x00000000000005f0       0x38 Src/main.o
 .debug_aranges
                0x0000000000000628       0x28 Src/mygpio.o
 .debug_aranges
                0x0000000000000650       0x20 Src/stm32f1xx_hal_msp.o
 .debug_aranges
                0x0000000000000670       0x78 Src/stm32f1xx_it.o
 .debug_aranges
                0x00000000000006e8       0x20 Src/sysmem.o
 .debug_aranges
                0x0000000000000708       0x28 Src/system_stm32f1xx.o
 .debug_aranges
                0x0000000000000730       0x30 Src/usart.o
 .debug_aranges
                0x0000000000000760       0x28 Src/Util/LinkedList.o
 .debug_aranges
                0x0000000000000788       0x30 Src/Util/Renderer.o
 .debug_aranges
                0x00000000000007b8       0x30 Src/Util/Time.o
 .debug_aranges
                0x00000000000007e8       0x28 Startup/startup_stm32f103rctx.o

.debug_ranges   0x0000000000000000      0x6e8
 .debug_ranges  0x0000000000000000       0xd0 Drivers/STM32F1xx_HAL_Driver/Src/stm32f1xx_hal.o
 .debug_ranges  0x00000000000000d0       0xf0 Drivers/STM32F1xx_HAL_Driver/Src/stm32f1xx_hal_cortex.o
 .debug_ranges  0x00000000000001c0       0x48 Drivers/STM32F1xx_HAL_Driver/Src/stm32f1xx_hal_gpio.o
 .debug_ranges  0x0000000000000208       0x80 Drivers/STM32F1xx_HAL_Driver/Src/stm32f1xx_hal_rcc.o
 .debug_ranges  0x0000000000000288      0x1c0 Drivers/STM32F1xx_HAL_Driver/Src/stm32f1xx_hal_uart.o
 .debug_ranges  0x0000000000000448       0x10 Src/GameEngine.o
 .debug_ranges  0x0000000000000458       0x10 Src/gpio.o
 .debug_ranges  0x0000000000000468      0x108 Src/lcd.o
 .debug_ranges  0x0000000000000570       0x28 Src/main.o
 .debug_ranges  0x0000000000000598       0x18 Src/mygpio.o
 .debug_ranges  0x00000000000005b0       0x10 Src/stm32f1xx_hal_msp.o
 .debug_ranges  0x00000000000005c0       0x68 Src/stm32f1xx_it.o
 .debug_ranges  0x0000000000000628       0x10 Src/sysmem.o
 .debug_ranges  0x0000000000000638       0x18 Src/system_stm32f1xx.o
 .debug_ranges  0x0000000000000650       0x20 Src/usart.o
 .debug_ranges  0x0000000000000670       0x18 Src/Util/LinkedList.o
 .debug_ranges  0x0000000000000688       0x20 Src/Util/Renderer.o
 .debug_ranges  0x00000000000006a8       0x20 Src/Util/Time.o
 .debug_ranges  0x00000000000006c8       0x20 Startup/startup_stm32f103rctx.o

.debug_macro    0x0000000000000000    0x170d2
 .debug_macro   0x0000000000000000      0x1a9 Drivers/STM32F1xx_HAL_Driver/Src/stm32f1xx_hal.o
 .debug_macro   0x00000000000001a9      0xa5a Drivers/STM32F1xx_HAL_Driver/Src/stm32f1xx_hal.o
 .debug_macro   0x0000000000000c03      0x215 Drivers/STM32F1xx_HAL_Driver/Src/stm32f1xx_hal.o
 .debug_macro   0x0000000000000e18       0x2e Drivers/STM32F1xx_HAL_Driver/Src/stm32f1xx_hal.o
 .debug_macro   0x0000000000000e46       0x22 Drivers/STM32F1xx_HAL_Driver/Src/stm32f1xx_hal.o
 .debug_macro   0x0000000000000e68       0x22 Drivers/STM32F1xx_HAL_Driver/Src/stm32f1xx_hal.o
 .debug_macro   0x0000000000000e8a       0x8e Drivers/STM32F1xx_HAL_Driver/Src/stm32f1xx_hal.o
 .debug_macro   0x0000000000000f18       0x51 Drivers/STM32F1xx_HAL_Driver/Src/stm32f1xx_hal.o
 .debug_macro   0x0000000000000f69       0xef Drivers/STM32F1xx_HAL_Driver/Src/stm32f1xx_hal.o
 .debug_macro   0x0000000000001058       0x6a Drivers/STM32F1xx_HAL_Driver/Src/stm32f1xx_hal.o
 .debug_macro   0x00000000000010c2      0x1df Drivers/STM32F1xx_HAL_Driver/Src/stm32f1xx_hal.o
 .debug_macro   0x00000000000012a1       0x1c Drivers/STM32F1xx_HAL_Driver/Src/stm32f1xx_hal.o
 .debug_macro   0x00000000000012bd       0x22 Drivers/STM32F1xx_HAL_Driver/Src/stm32f1xx_hal.o
 .debug_macro   0x00000000000012df       0xc3 Drivers/STM32F1xx_HAL_Driver/Src/stm32f1xx_hal.o
 .debug_macro   0x00000000000013a2      0xd23 Drivers/STM32F1xx_HAL_Driver/Src/stm32f1xx_hal.o
 .debug_macro   0x00000000000020c5     0xfd8c Drivers/STM32F1xx_HAL_Driver/Src/stm32f1xx_hal.o
 .debug_macro   0x0000000000011e51       0x43 Drivers/STM32F1xx_HAL_Driver/Src/stm32f1xx_hal.o
 .debug_macro   0x0000000000011e94      0x174 Drivers/STM32F1xx_HAL_Driver/Src/stm32f1xx_hal.o
 .debug_macro   0x0000000000012008       0x5a Drivers/STM32F1xx_HAL_Driver/Src/stm32f1xx_hal.o
 .debug_macro   0x0000000000012062      0x5be Drivers/STM32F1xx_HAL_Driver/Src/stm32f1xx_hal.o
 .debug_macro   0x0000000000012620      0x4d5 Drivers/STM32F1xx_HAL_Driver/Src/stm32f1xx_hal.o
 .debug_macro   0x0000000000012af5      0x1cb Drivers/STM32F1xx_HAL_Driver/Src/stm32f1xx_hal.o
 .debug_macro   0x0000000000012cc0      0x114 Drivers/STM32F1xx_HAL_Driver/Src/stm32f1xx_hal.o
 .debug_macro   0x0000000000012dd4      0x1ea Drivers/STM32F1xx_HAL_Driver/Src/stm32f1xx_hal.o
 .debug_macro   0x0000000000012fbe       0x27 Drivers/STM32F1xx_HAL_Driver/Src/stm32f1xx_hal.o
 .debug_macro   0x0000000000012fe5      0x144 Drivers/STM32F1xx_HAL_Driver/Src/stm32f1xx_hal.o
 .debug_macro   0x0000000000013129      0x1bc Drivers/STM32F1xx_HAL_Driver/Src/stm32f1xx_hal.o
 .debug_macro   0x00000000000132e5       0x30 Drivers/STM32F1xx_HAL_Driver/Src/stm32f1xx_hal.o
 .debug_macro   0x0000000000013315       0x3c Drivers/STM32F1xx_HAL_Driver/Src/stm32f1xx_hal.o
 .debug_macro   0x0000000000013351       0x57 Drivers/STM32F1xx_HAL_Driver/Src/stm32f1xx_hal.o
 .debug_macro   0x00000000000133a8       0x88 Drivers/STM32F1xx_HAL_Driver/Src/stm32f1xx_hal.o
 .debug_macro   0x0000000000013430      0x24f Drivers/STM32F1xx_HAL_Driver/Src/stm32f1xx_hal.o
 .debug_macro   0x000000000001367f      0x141 Drivers/STM32F1xx_HAL_Driver/Src/stm32f1xx_hal.o
 .debug_macro   0x00000000000137c0      0x26b Drivers/STM32F1xx_HAL_Driver/Src/stm32f1xx_hal.o
 .debug_macro   0x0000000000013a2b       0xb5 Drivers/STM32F1xx_HAL_Driver/Src/stm32f1xx_hal.o
 .debug_macro   0x0000000000013ae0      0x185 Drivers/STM32F1xx_HAL_Driver/Src/stm32f1xx_hal_cortex.o
 .debug_macro   0x0000000000013c65      0x1f0 Drivers/STM32F1xx_HAL_Driver/Src/stm32f1xx_hal_gpio.o
 .debug_macro   0x0000000000013e55      0x197 Drivers/STM32F1xx_HAL_Driver/Src/stm32f1xx_hal_rcc.o
 .debug_macro   0x0000000000013fec      0x186 Drivers/STM32F1xx_HAL_Driver/Src/stm32f1xx_hal_uart.o
 .debug_macro   0x0000000000014172      0x2b1 Src/GameEngine.o
 .debug_macro   0x0000000000014423       0x18 Src/GameEngine.o
 .debug_macro   0x000000000001443b       0x40 Src/GameEngine.o
 .debug_macro   0x000000000001447b       0x94 Src/GameEngine.o
 .debug_macro   0x000000000001450f       0x3c Src/GameEngine.o
 .debug_macro   0x000000000001454b       0x34 Src/GameEngine.o
 .debug_macro   0x000000000001457f       0x16 Src/GameEngine.o
 .debug_macro   0x0000000000014595      0x10e Src/GameEngine.o
 .debug_macro   0x00000000000146a3       0x8d Src/GameEngine.o
 .debug_macro   0x0000000000014730       0x57 Src/GameEngine.o
 .debug_macro   0x0000000000014787       0x52 Src/GameEngine.o
 .debug_macro   0x00000000000147d9       0x1f Src/GameEngine.o
 .debug_macro   0x00000000000147f8       0x43 Src/GameEngine.o
 .debug_macro   0x000000000001483b       0x20 Src/GameEngine.o
 .debug_macro   0x000000000001485b      0x1a3 Src/GameEngine.o
 .debug_macro   0x00000000000149fe      0x330 Src/GameEngine.o
 .debug_macro   0x0000000000014d2e       0x16 Src/GameEngine.o
 .debug_macro   0x0000000000014d44       0x29 Src/GameEngine.o
 .debug_macro   0x0000000000014d6d       0xbd Src/GameEngine.o
 .debug_macro   0x0000000000014e2a       0x54 Src/GameEngine.o
 .debug_macro   0x0000000000014e7e       0x52 Src/GameEngine.o
 .debug_macro   0x0000000000014ed0      0x1dc Src/GameEngine.o
 .debug_macro   0x00000000000150ac       0x22 Src/GameEngine.o
 .debug_macro   0x00000000000150ce      0x19e Src/gpio.o
 .debug_macro   0x000000000001526c      0x26c Src/lcd.o
 .debug_macro   0x00000000000154d8       0x46 Src/lcd.o
 .debug_macro   0x000000000001551e       0x35 Src/lcd.o
 .debug_macro   0x0000000000015553      0x32a Src/lcd.o
 .debug_macro   0x000000000001587d      0x2c3 Src/main.o
 .debug_macro   0x0000000000015b40      0x335 Src/mygpio.o
 .debug_macro   0x0000000000015e75       0x10 Src/mygpio.o
 .debug_macro   0x0000000000015e85       0x20 Src/mygpio.o
 .debug_macro   0x0000000000015ea5       0x1c Src/mygpio.o
 .debug_macro   0x0000000000015ec1       0x10 Src/mygpio.o
 .debug_macro   0x0000000000015ed1       0x10 Src/mygpio.o
 .debug_macro   0x0000000000015ee1       0x1c Src/mygpio.o
 .debug_macro   0x0000000000015efd       0x52 Src/mygpio.o
 .debug_macro   0x0000000000015f4f       0x40 Src/mygpio.o
 .debug_macro   0x0000000000015f8f       0x10 Src/mygpio.o
 .debug_macro   0x0000000000015f9f       0x40 Src/mygpio.o
 .debug_macro   0x0000000000015fdf       0xd7 Src/mygpio.o
 .debug_macro   0x00000000000160b6       0x1c Src/mygpio.o
 .debug_macro   0x00000000000160d2       0x3d Src/mygpio.o
 .debug_macro   0x000000000001610f       0x16 Src/mygpio.o
 .debug_macro   0x0000000000016125      0x145 Src/mygpio.o
 .debug_macro   0x000000000001626a       0x4c Src/mygpio.o
 .debug_macro   0x00000000000162b6      0x194 Src/stm32f1xx_hal_msp.o
 .debug_macro   0x000000000001644a      0x19e Src/stm32f1xx_it.o
 .debug_macro   0x00000000000165e8      0x1ae Src/sysmem.o
 .debug_macro   0x0000000000016796      0x23b Src/sysmem.o
 .debug_macro   0x00000000000169d1       0x16 Src/sysmem.o
 .debug_macro   0x00000000000169e7      0x18b Src/system_stm32f1xx.o
 .debug_macro   0x0000000000016b72      0x19e Src/usart.o
 .debug_macro   0x0000000000016d10      0x100 Src/Util/LinkedList.o
 .debug_macro   0x0000000000016e10      0x2a7 Src/Util/Renderer.o
 .debug_macro   0x00000000000170b7       0x1b Src/Util/Time.o

.debug_line     0x0000000000000000     0x92aa
 .debug_line    0x0000000000000000      0x7fd Drivers/STM32F1xx_HAL_Driver/Src/stm32f1xx_hal.o
 .debug_line    0x00000000000007fd      0x8d6 Drivers/STM32F1xx_HAL_Driver/Src/stm32f1xx_hal_cortex.o
 .debug_line    0x00000000000010d3      0x825 Drivers/STM32F1xx_HAL_Driver/Src/stm32f1xx_hal_gpio.o
 .debug_line    0x00000000000018f8      0x8bf Drivers/STM32F1xx_HAL_Driver/Src/stm32f1xx_hal_rcc.o
 .debug_line    0x00000000000021b7      0xf08 Drivers/STM32F1xx_HAL_Driver/Src/stm32f1xx_hal_uart.o
 .debug_line    0x00000000000030bf      0x812 Src/GameEngine.o
 .debug_line    0x00000000000038d1      0x63b Src/gpio.o
 .debug_line    0x0000000000003f0c     0x155f Src/lcd.o
 .debug_line    0x000000000000546b      0x853 Src/main.o
 .debug_line    0x0000000000005cbe      0x85b Src/mygpio.o
 .debug_line    0x0000000000006519      0x621 Src/stm32f1xx_hal_msp.o
 .debug_line    0x0000000000006b3a      0x6f9 Src/stm32f1xx_it.o
 .debug_line    0x0000000000007233      0x586 Src/sysmem.o
 .debug_line    0x00000000000077b9      0x650 Src/system_stm32f1xx.o
 .debug_line    0x0000000000007e09      0x655 Src/usart.o
 .debug_line    0x000000000000845e      0x50c Src/Util/LinkedList.o
 .debug_line    0x000000000000896a      0x84a Src/Util/Renderer.o
 .debug_line    0x00000000000091b4       0x77 Src/Util/Time.o
 .debug_line    0x000000000000922b       0x7f Startup/startup_stm32f103rctx.o

.debug_str      0x0000000000000000    0x7980c
 .debug_str     0x0000000000000000    0x72e8d Drivers/STM32F1xx_HAL_Driver/Src/stm32f1xx_hal.o
                                      0x732fa (size before relaxing)
 .debug_str     0x0000000000072e8d      0x326 Drivers/STM32F1xx_HAL_Driver/Src/stm32f1xx_hal_cortex.o
                                      0x73308 (size before relaxing)
 .debug_str     0x00000000000731b3      0x3a9 Drivers/STM32F1xx_HAL_Driver/Src/stm32f1xx_hal_gpio.o
                                      0x72f4f (size before relaxing)
 .debug_str     0x000000000007355c      0x373 Drivers/STM32F1xx_HAL_Driver/Src/stm32f1xx_hal_rcc.o
                                      0x72f88 (size before relaxing)
 .debug_str     0x00000000000738cf      0x89a Drivers/STM32F1xx_HAL_Driver/Src/stm32f1xx_hal_uart.o
                                      0x73477 (size before relaxing)
 .debug_str     0x0000000000074169     0x3837 Src/GameEngine.o
                                      0x763ca (size before relaxing)
 .debug_str     0x00000000000779a0       0x35 Src/gpio.o
                                      0x730c2 (size before relaxing)
 .debug_str     0x00000000000779d5      0x2d4 Src/lcd.o
                                      0x7659b (size before relaxing)
 .debug_str     0x0000000000077ca9       0x5c Src/main.o
                                      0x76892 (size before relaxing)
 .debug_str     0x0000000000077d05     0x1333 Src/mygpio.o
                                      0x7726b (size before relaxing)
 .debug_str     0x0000000000079038       0x1b Src/stm32f1xx_hal_msp.o
                                      0x72cc1 (size before relaxing)
 .debug_str     0x0000000000079053       0xf1 Src/stm32f1xx_it.o
                                      0x72d2b (size before relaxing)
 .debug_str     0x0000000000079144      0x4b9 Src/sysmem.o
                                       0x7af4 (size before relaxing)
 .debug_str     0x00000000000795fd       0x69 Src/system_stm32f1xx.o
                                      0x72c00 (size before relaxing)
 .debug_str     0x0000000000079666       0x2e Src/usart.o
                                      0x730d4 (size before relaxing)
 .debug_str     0x0000000000079694       0x3a Src/Util/LinkedList.o
                                       0x6491 (size before relaxing)
 .debug_str     0x00000000000796ce       0xc4 Src/Util/Renderer.o
                                      0x763ab (size before relaxing)
 .debug_str     0x0000000000079792       0x49 Src/Util/Time.o
                                       0x2d4f (size before relaxing)
 .debug_str     0x00000000000797db       0x31 Startup/startup_stm32f103rctx.o
                                         0x99 (size before relaxing)

.comment        0x0000000000000000       0x7b
 .comment       0x0000000000000000       0x7b Drivers/STM32F1xx_HAL_Driver/Src/stm32f1xx_hal.o
                                         0x7c (size before relaxing)
 .comment       0x000000000000007b       0x7c Drivers/STM32F1xx_HAL_Driver/Src/stm32f1xx_hal_cortex.o
 .comment       0x000000000000007b       0x7c Drivers/STM32F1xx_HAL_Driver/Src/stm32f1xx_hal_gpio.o
 .comment       0x000000000000007b       0x7c Drivers/STM32F1xx_HAL_Driver/Src/stm32f1xx_hal_rcc.o
 .comment       0x000000000000007b       0x7c Drivers/STM32F1xx_HAL_Driver/Src/stm32f1xx_hal_uart.o
 .comment       0x000000000000007b       0x7c Src/GameEngine.o
 .comment       0x000000000000007b       0x7c Src/gpio.o
 .comment       0x000000000000007b       0x7c Src/lcd.o
 .comment       0x000000000000007b       0x7c Src/main.o
 .comment       0x000000000000007b       0x7c Src/mygpio.o
 .comment       0x000000000000007b       0x7c Src/stm32f1xx_hal_msp.o
 .comment       0x000000000000007b       0x7c Src/stm32f1xx_it.o
 .comment       0x000000000000007b       0x7c Src/sysmem.o
 .comment       0x000000000000007b       0x7c Src/system_stm32f1xx.o
 .comment       0x000000000000007b       0x7c Src/usart.o
 .comment       0x000000000000007b       0x7c Src/Util/LinkedList.o
 .comment       0x000000000000007b       0x7c Src/Util/Renderer.o
 .comment       0x000000000000007b       0x7c Src/Util/Time.o

.debug_frame    0x0000000000000000     0x2284
 .debug_frame   0x0000000000000000      0x334 Drivers/STM32F1xx_HAL_Driver/Src/stm32f1xx_hal.o
 .debug_frame   0x0000000000000334      0x428 Drivers/STM32F1xx_HAL_Driver/Src/stm32f1xx_hal_cortex.o
 .debug_frame   0x000000000000075c      0x14c Drivers/STM32F1xx_HAL_Driver/Src/stm32f1xx_hal_gpio.o
 .debug_frame   0x00000000000008a8      0x21c Drivers/STM32F1xx_HAL_Driver/Src/stm32f1xx_hal_rcc.o
 .debug_frame   0x0000000000000ac4      0x834 Drivers/STM32F1xx_HAL_Driver/Src/stm32f1xx_hal_uart.o
 .debug_frame   0x00000000000012f8       0x30 Src/GameEngine.o
 .debug_frame   0x0000000000001328       0x34 Src/gpio.o
 .debug_frame   0x000000000000135c      0x4d4 Src/lcd.o
 .debug_frame   0x0000000000001830       0x90 Src/main.o
 .debug_frame   0x00000000000018c0       0x70 Src/mygpio.o
 .debug_frame   0x0000000000001930       0x34 Src/stm32f1xx_hal_msp.o
 .debug_frame   0x0000000000001964      0x160 Src/stm32f1xx_it.o
 .debug_frame   0x0000000000001ac4       0x34 Src/sysmem.o
 .debug_frame   0x0000000000001af8       0x58 Src/system_stm32f1xx.o
 .debug_frame   0x0000000000001b50       0x74 Src/usart.o
 .debug_frame   0x0000000000001bc4       0x5c Src/Util/LinkedList.o
 .debug_frame   0x0000000000001c20       0x88 Src/Util/Renderer.o
 .debug_frame   0x0000000000001ca8       0x6c Src/Util/Time.o
 .debug_frame   0x0000000000001d14       0x20 m:/application/stm32cubeide_1.0.2/stm32cubeide/plugins/com.st.stm32cube.ide.mcu.externaltools.gnu-tools-for-stm32.7-2018-q2-update.win32_1.0.0.201904181610/tools/bin/../lib/gcc/arm-none-eabi/7.3.1/../../../../arm-none-eabi/lib/thumb/v7-m\libc_nano.a(lib_a-calloc.o)
 .debug_frame   0x0000000000001d34       0x20 m:/application/stm32cubeide_1.0.2/stm32cubeide/plugins/com.st.stm32cube.ide.mcu.externaltools.gnu-tools-for-stm32.7-2018-q2-update.win32_1.0.0.201904181610/tools/bin/../lib/gcc/arm-none-eabi/7.3.1/../../../../arm-none-eabi/lib/thumb/v7-m\libc_nano.a(lib_a-errno.o)
 .debug_frame   0x0000000000001d54       0x2c m:/application/stm32cubeide_1.0.2/stm32cubeide/plugins/com.st.stm32cube.ide.mcu.externaltools.gnu-tools-for-stm32.7-2018-q2-update.win32_1.0.0.201904181610/tools/bin/../lib/gcc/arm-none-eabi/7.3.1/../../../../arm-none-eabi/lib/thumb/v7-m\libc_nano.a(lib_a-init.o)
 .debug_frame   0x0000000000001d80       0x30 m:/application/stm32cubeide_1.0.2/stm32cubeide/plugins/com.st.stm32cube.ide.mcu.externaltools.gnu-tools-for-stm32.7-2018-q2-update.win32_1.0.0.201904181610/tools/bin/../lib/gcc/arm-none-eabi/7.3.1/../../../../arm-none-eabi/lib/thumb/v7-m\libc_nano.a(lib_a-malloc.o)
 .debug_frame   0x0000000000001db0       0x20 m:/application/stm32cubeide_1.0.2/stm32cubeide/plugins/com.st.stm32cube.ide.mcu.externaltools.gnu-tools-for-stm32.7-2018-q2-update.win32_1.0.0.201904181610/tools/bin/../lib/gcc/arm-none-eabi/7.3.1/../../../../arm-none-eabi/lib/thumb/v7-m\libc_nano.a(lib_a-memset.o)
 .debug_frame   0x0000000000001dd0       0x2c m:/application/stm32cubeide_1.0.2/stm32cubeide/plugins/com.st.stm32cube.ide.mcu.externaltools.gnu-tools-for-stm32.7-2018-q2-update.win32_1.0.0.201904181610/tools/bin/../lib/gcc/arm-none-eabi/7.3.1/../../../../arm-none-eabi/lib/thumb/v7-m\libc_nano.a(lib_a-nano-callocr.o)
 .debug_frame   0x0000000000001dfc       0x38 m:/application/stm32cubeide_1.0.2/stm32cubeide/plugins/com.st.stm32cube.ide.mcu.externaltools.gnu-tools-for-stm32.7-2018-q2-update.win32_1.0.0.201904181610/tools/bin/../lib/gcc/arm-none-eabi/7.3.1/../../../../arm-none-eabi/lib/thumb/v7-m\libc_nano.a(lib_a-nano-freer.o)
 .debug_frame   0x0000000000001e34       0x2c m:/application/stm32cubeide_1.0.2/stm32cubeide/plugins/com.st.stm32cube.ide.mcu.externaltools.gnu-tools-for-stm32.7-2018-q2-update.win32_1.0.0.201904181610/tools/bin/../lib/gcc/arm-none-eabi/7.3.1/../../../../arm-none-eabi/lib/thumb/v7-m\libc_nano.a(lib_a-nano-mallocr.o)
 .debug_frame   0x0000000000001e60       0x2c m:/application/stm32cubeide_1.0.2/stm32cubeide/plugins/com.st.stm32cube.ide.mcu.externaltools.gnu-tools-for-stm32.7-2018-q2-update.win32_1.0.0.201904181610/tools/bin/../lib/gcc/arm-none-eabi/7.3.1/../../../../arm-none-eabi/lib/thumb/v7-m\libc_nano.a(lib_a-sbrkr.o)
 .debug_frame   0x0000000000001e8c       0x3c m:/application/stm32cubeide_1.0.2/stm32cubeide/plugins/com.st.stm32cube.ide.mcu.externaltools.gnu-tools-for-stm32.7-2018-q2-update.win32_1.0.0.201904181610/tools/bin/../lib/gcc/arm-none-eabi/7.3.1/../../../../arm-none-eabi/lib/thumb/v7-m\libc_nano.a(lib_a-vsprintf.o)
 .debug_frame   0x0000000000001ec8       0x30 m:/application/stm32cubeide_1.0.2/stm32cubeide/plugins/com.st.stm32cube.ide.mcu.externaltools.gnu-tools-for-stm32.7-2018-q2-update.win32_1.0.0.201904181610/tools/bin/../lib/gcc/arm-none-eabi/7.3.1/../../../../arm-none-eabi/lib/thumb/v7-m\libc_nano.a(lib_a-mlock.o)
 .debug_frame   0x0000000000001ef8       0x90 m:/application/stm32cubeide_1.0.2/stm32cubeide/plugins/com.st.stm32cube.ide.mcu.externaltools.gnu-tools-for-stm32.7-2018-q2-update.win32_1.0.0.201904181610/tools/bin/../lib/gcc/arm-none-eabi/7.3.1/../../../../arm-none-eabi/lib/thumb/v7-m\libc_nano.a(lib_a-nano-svfprintf.o)
 .debug_frame   0x0000000000001f88       0x60 m:/application/stm32cubeide_1.0.2/stm32cubeide/plugins/com.st.stm32cube.ide.mcu.externaltools.gnu-tools-for-stm32.7-2018-q2-update.win32_1.0.0.201904181610/tools/bin/../lib/gcc/arm-none-eabi/7.3.1/../../../../arm-none-eabi/lib/thumb/v7-m\libc_nano.a(lib_a-nano-vfprintf_i.o)
 .debug_frame   0x0000000000001fe8       0x5c m:/application/stm32cubeide_1.0.2/stm32cubeide/plugins/com.st.stm32cube.ide.mcu.externaltools.gnu-tools-for-stm32.7-2018-q2-update.win32_1.0.0.201904181610/tools/bin/../lib/gcc/arm-none-eabi/7.3.1/../../../../arm-none-eabi/lib/thumb/v7-m\libc_nano.a(lib_a-reent.o)
 .debug_frame   0x0000000000002044       0x28 m:/application/stm32cubeide_1.0.2/stm32cubeide/plugins/com.st.stm32cube.ide.mcu.externaltools.gnu-tools-for-stm32.7-2018-q2-update.win32_1.0.0.201904181610/tools/bin/../lib/gcc/arm-none-eabi/7.3.1/../../../../arm-none-eabi/lib/thumb/v7-m\libc_nano.a(lib_a-memchr-stub.o)
 .debug_frame   0x000000000000206c       0x28 m:/application/stm32cubeide_1.0.2/stm32cubeide/plugins/com.st.stm32cube.ide.mcu.externaltools.gnu-tools-for-stm32.7-2018-q2-update.win32_1.0.0.201904181610/tools/bin/../lib/gcc/arm-none-eabi/7.3.1/../../../../arm-none-eabi/lib/thumb/v7-m\libc_nano.a(lib_a-memcpy-stub.o)
 .debug_frame   0x0000000000002094       0x28 m:/application/stm32cubeide_1.0.2/stm32cubeide/plugins/com.st.stm32cube.ide.mcu.externaltools.gnu-tools-for-stm32.7-2018-q2-update.win32_1.0.0.201904181610/tools/bin/../lib/gcc/arm-none-eabi/7.3.1/../../../../arm-none-eabi/lib/thumb/v7-m\libc_nano.a(lib_a-memmove.o)
 .debug_frame   0x00000000000020bc       0x3c m:/application/stm32cubeide_1.0.2/stm32cubeide/plugins/com.st.stm32cube.ide.mcu.externaltools.gnu-tools-for-stm32.7-2018-q2-update.win32_1.0.0.201904181610/tools/bin/../lib/gcc/arm-none-eabi/7.3.1/../../../../arm-none-eabi/lib/thumb/v7-m\libc_nano.a(lib_a-nano-reallocr.o)
 .debug_frame   0x00000000000020f8       0x20 m:/application/stm32cubeide_1.0.2/stm32cubeide/plugins/com.st.stm32cube.ide.mcu.externaltools.gnu-tools-for-stm32.7-2018-q2-update.win32_1.0.0.201904181610/tools/bin/../lib/gcc/arm-none-eabi/7.3.1/../../../../arm-none-eabi/lib/thumb/v7-m\libc_nano.a(lib_a-nano-msizer.o)
 .debug_frame   0x0000000000002118       0xac m:/application/stm32cubeide_1.0.2/stm32cubeide/plugins/com.st.stm32cube.ide.mcu.externaltools.gnu-tools-for-stm32.7-2018-q2-update.win32_1.0.0.201904181610/tools/bin/../lib/gcc/arm-none-eabi/7.3.1/thumb/v7-m\libgcc.a(_arm_addsubdf3.o)
 .debug_frame   0x00000000000021c4       0x50 m:/application/stm32cubeide_1.0.2/stm32cubeide/plugins/com.st.stm32cube.ide.mcu.externaltools.gnu-tools-for-stm32.7-2018-q2-update.win32_1.0.0.201904181610/tools/bin/../lib/gcc/arm-none-eabi/7.3.1/thumb/v7-m\libgcc.a(_arm_muldivdf3.o)
 .debug_frame   0x0000000000002214       0x24 m:/application/stm32cubeide_1.0.2/stm32cubeide/plugins/com.st.stm32cube.ide.mcu.externaltools.gnu-tools-for-stm32.7-2018-q2-update.win32_1.0.0.201904181610/tools/bin/../lib/gcc/arm-none-eabi/7.3.1/thumb/v7-m\libgcc.a(_arm_fixunsdfsi.o)
 .debug_frame   0x0000000000002238       0x4c m:/application/stm32cubeide_1.0.2/stm32cubeide/plugins/com.st.stm32cube.ide.mcu.externaltools.gnu-tools-for-stm32.7-2018-q2-update.win32_1.0.0.201904181610/tools/bin/../lib/gcc/arm-none-eabi/7.3.1/thumb/v7-m\libgcc.a(_arm_addsubsf3.o)
