Archive member included to satisfy reference by file (symbol)

m:/application/stm32cubeide_1.0.2/stm32cubeide/plugins/com.st.stm32cube.ide.mcu.externaltools.gnu-tools-for-stm32.7-2018-q2-update.win32_1.0.0.201904181610/tools/bin/../lib/gcc/arm-none-eabi/7.3.1/../../../../arm-none-eabi/lib/thumb/v7-m\libc_nano.a(lib_a-calloc.o)
                              Src/Util/Renderer.o (calloc)
m:/application/stm32cubeide_1.0.2/stm32cubeide/plugins/com.st.stm32cube.ide.mcu.externaltools.gnu-tools-for-stm32.7-2018-q2-update.win32_1.0.0.201904181610/tools/bin/../lib/gcc/arm-none-eabi/7.3.1/../../../../arm-none-eabi/lib/thumb/v7-m\libc_nano.a(lib_a-errno.o)
                              Src/syscalls.o (__errno)
m:/application/stm32cubeide_1.0.2/stm32cubeide/plugins/com.st.stm32cube.ide.mcu.externaltools.gnu-tools-for-stm32.7-2018-q2-update.win32_1.0.0.201904181610/tools/bin/../lib/gcc/arm-none-eabi/7.3.1/../../../../arm-none-eabi/lib/thumb/v7-m\libc_nano.a(lib_a-exit.o)
                              m:/application/stm32cubeide_1.0.2/stm32cubeide/plugins/com.st.stm32cube.ide.mcu.externaltools.gnu-tools-for-stm32.7-2018-q2-update.win32_1.0.0.201904181610/tools/bin/../lib/gcc/arm-none-eabi/7.3.1/../../../../arm-none-eabi/lib/thumb/v7-m/crt0.o (exit)
m:/application/stm32cubeide_1.0.2/stm32cubeide/plugins/com.st.stm32cube.ide.mcu.externaltools.gnu-tools-for-stm32.7-2018-q2-update.win32_1.0.0.201904181610/tools/bin/../lib/gcc/arm-none-eabi/7.3.1/../../../../arm-none-eabi/lib/thumb/v7-m\libc_nano.a(lib_a-impure.o)
                              m:/application/stm32cubeide_1.0.2/stm32cubeide/plugins/com.st.stm32cube.ide.mcu.externaltools.gnu-tools-for-stm32.7-2018-q2-update.win32_1.0.0.201904181610/tools/bin/../lib/gcc/arm-none-eabi/7.3.1/../../../../arm-none-eabi/lib/thumb/v7-m\libc_nano.a(lib_a-exit.o) (_global_impure_ptr)
m:/application/stm32cubeide_1.0.2/stm32cubeide/plugins/com.st.stm32cube.ide.mcu.externaltools.gnu-tools-for-stm32.7-2018-q2-update.win32_1.0.0.201904181610/tools/bin/../lib/gcc/arm-none-eabi/7.3.1/../../../../arm-none-eabi/lib/thumb/v7-m\libc_nano.a(lib_a-init.o)
                              m:/application/stm32cubeide_1.0.2/stm32cubeide/plugins/com.st.stm32cube.ide.mcu.externaltools.gnu-tools-for-stm32.7-2018-q2-update.win32_1.0.0.201904181610/tools/bin/../lib/gcc/arm-none-eabi/7.3.1/../../../../arm-none-eabi/lib/thumb/v7-m/crt0.o (__libc_init_array)
m:/application/stm32cubeide_1.0.2/stm32cubeide/plugins/com.st.stm32cube.ide.mcu.externaltools.gnu-tools-for-stm32.7-2018-q2-update.win32_1.0.0.201904181610/tools/bin/../lib/gcc/arm-none-eabi/7.3.1/../../../../arm-none-eabi/lib/thumb/v7-m\libc_nano.a(lib_a-malloc.o)
                              Src/GameFrame/GameEvent.o (malloc)
m:/application/stm32cubeide_1.0.2/stm32cubeide/plugins/com.st.stm32cube.ide.mcu.externaltools.gnu-tools-for-stm32.7-2018-q2-update.win32_1.0.0.201904181610/tools/bin/../lib/gcc/arm-none-eabi/7.3.1/../../../../arm-none-eabi/lib/thumb/v7-m\libc_nano.a(lib_a-memset.o)
                              m:/application/stm32cubeide_1.0.2/stm32cubeide/plugins/com.st.stm32cube.ide.mcu.externaltools.gnu-tools-for-stm32.7-2018-q2-update.win32_1.0.0.201904181610/tools/bin/../lib/gcc/arm-none-eabi/7.3.1/../../../../arm-none-eabi/lib/thumb/v7-m/crt0.o (memset)
m:/application/stm32cubeide_1.0.2/stm32cubeide/plugins/com.st.stm32cube.ide.mcu.externaltools.gnu-tools-for-stm32.7-2018-q2-update.win32_1.0.0.201904181610/tools/bin/../lib/gcc/arm-none-eabi/7.3.1/../../../../arm-none-eabi/lib/thumb/v7-m\libc_nano.a(lib_a-nano-callocr.o)
                              m:/application/stm32cubeide_1.0.2/stm32cubeide/plugins/com.st.stm32cube.ide.mcu.externaltools.gnu-tools-for-stm32.7-2018-q2-update.win32_1.0.0.201904181610/tools/bin/../lib/gcc/arm-none-eabi/7.3.1/../../../../arm-none-eabi/lib/thumb/v7-m\libc_nano.a(lib_a-calloc.o) (_calloc_r)
m:/application/stm32cubeide_1.0.2/stm32cubeide/plugins/com.st.stm32cube.ide.mcu.externaltools.gnu-tools-for-stm32.7-2018-q2-update.win32_1.0.0.201904181610/tools/bin/../lib/gcc/arm-none-eabi/7.3.1/../../../../arm-none-eabi/lib/thumb/v7-m\libc_nano.a(lib_a-nano-freer.o)
                              m:/application/stm32cubeide_1.0.2/stm32cubeide/plugins/com.st.stm32cube.ide.mcu.externaltools.gnu-tools-for-stm32.7-2018-q2-update.win32_1.0.0.201904181610/tools/bin/../lib/gcc/arm-none-eabi/7.3.1/../../../../arm-none-eabi/lib/thumb/v7-m\libc_nano.a(lib_a-malloc.o) (_free_r)
m:/application/stm32cubeide_1.0.2/stm32cubeide/plugins/com.st.stm32cube.ide.mcu.externaltools.gnu-tools-for-stm32.7-2018-q2-update.win32_1.0.0.201904181610/tools/bin/../lib/gcc/arm-none-eabi/7.3.1/../../../../arm-none-eabi/lib/thumb/v7-m\libc_nano.a(lib_a-nano-mallocr.o)
[...]
Memory Configuration

Name             Origin             Length             Attributes
RAM              0x0000000020000000 0x000000000000c000 xrw
FLASH            0x0000000008000000 0x0000000000040000 xr
*default*        0x0000000000000000 0xffffffffffffffff

Linker script and memory map

LOAD m:/application/stm32cubeide_1.0.2/stm32cubeide/plugins/com.st.stm32cube.ide.mcu.externaltools.gnu-tools-for-stm32.7-2018-q2-update.win32_1.0.0.201904181610/tools/bin/../lib/gcc/arm-none-eabi/7.3.1/thumb/v7-m/crti.o
LOAD m:/application/stm32cubeide_1.0.2/stm32cubeide/plugins/com.st.stm32cube.ide.mcu.externaltools.gnu-tools-for-stm32.7-2018-q2-update.win32_1.0.0.201904181610/tools/bin/../lib/gcc/arm-none-eabi/7.3.1/thumb/v7-m/crtbegin.o
LOAD m:/application/stm32cubeide_1.0.2/stm32cubeide/plugins/com.st.stm32cube.ide.mcu.externaltools.gnu-tools-for-stm32.7-2018-q2-update.win32_1.0.0.201904181610/tools/bin/../lib/gcc/arm-none-eabi/7.3.1/../../../../arm-none-eabi/lib/thumb/v7-m/crt0.o
LOAD Drivers/STM32F1xx_HAL_Driver/Src/stm32f1xx_hal.o
LOAD Drivers/STM32F1xx_HAL_Driver/Src/stm32f1xx_hal_cortex.o
LOAD Drivers/STM32F1xx_HAL_Driver/Src/stm32f1xx_hal_dma.o
LOAD Drivers/STM32F1xx_HAL_Driver/Src/stm32f1xx_hal_exti.o
LOAD Drivers/STM32F1xx_HAL_Driver/Src/stm32f1xx_hal_flash.o
LOAD Drivers/STM32F1xx_HAL_Driver/Src/stm32f1xx_hal_flash_ex.o
LOAD Drivers/STM32F1xx_HAL_Driver/Src/stm32f1xx_hal_gpio.o
LOAD Drivers/STM32F1xx_HAL_Driver/Src/stm32f1xx_hal_gpio_ex.o
LOAD Drivers/STM32F1xx_HAL_Driver/Src/stm32f1xx_hal_pwr.o
LOAD Drivers/STM32F1xx_HAL_Driver/Src/stm32f1xx_hal_rcc.o
LOAD Drivers/STM32F1xx_HAL_Driver/Src/stm32f1xx_hal_rcc_ex.o
LOAD Drivers/STM32F1xx_HAL_Driver/Src/stm32f1xx_hal_tim.o
LOAD Drivers/STM32F1xx_HAL_Driver/Src/stm32f1xx_hal_tim_ex.o
LOAD Drivers/STM32F1xx_HAL_Driver/Src/stm32f1xx_hal_uart.o
LOAD Src/GameEngine.o
LOAD Src/gpio.o
LOAD Src/lcd.o
LOAD Src/main.o
LOAD Src/mygpio.o
LOAD Src/stm32f1xx_hal_msp.o
LOAD Src/stm32f1xx_it.o
LOAD Src/syscalls.o
LOAD Src/sysmem.o
LOAD Src/system_stm32f1xx.o
LOAD Src/usart.o
LOAD Src/GameFrame/GameEvent.o
LOAD Src/GameFrame/GameObject.o
LOAD Src/GameFrame/GameObject_Bullet.o
LOAD Src/GameFrame/GameObject_Enemy.o
LOAD Src/GameFrame/GameObject_Self.o
LOAD Src/Util/LinkedList.o
LOAD Src/Util/Renderer.o
LOAD Src/Util/Time.o
LOAD Startup/startup_stm32f103rctx.o
START GROUP
LOAD m:/application/stm32cubeide_1.0.2/stm32cubeide/plugins/com.st.stm32cube.ide.mcu.externaltools.gnu-tools-for-stm32.7-2018-q2-update.win32_1.0.0.201904181610/tools/bin/../lib/gcc/arm-none-eabi/7.3.1/../../../../arm-none-eabi/lib/thumb/v7-m\libc_nano.a
LOAD m:/application/stm32cubeide_1.0.2/stm32cubeide/plugins/com.st.stm32cube.ide.mcu.externaltools.gnu-tools-for-stm32.7-2018-q2-update.win32_1.0.0.201904181610/tools/bin/../lib/gcc/arm-none-eabi/7.3.1/../../../../arm-none-eabi/lib/thumb/v7-m\libm.a
END GROUP
START GROUP
LOAD m:/application/stm32cubeide_1.0.2/stm32cubeide/plugins/com.st.stm32cube.ide.mcu.externaltools.gnu-tools-for-stm32.7-2018-q2-update.win32_1.0.0.201904181610/tools/bin/../lib/gcc/arm-none-eabi/7.3.1/thumb/v7-m\libgcc.a
LOAD m:/application/stm32cubeide_1.0.2/stm32cubeide/plugins/com.st.stm32cube.ide.mcu.externaltools.gnu-tools-for-stm32.7-2018-q2-update.win32_1.0.0.201904181610/tools/bin/../lib/gcc/arm-none-eabi/7.3.1/../../../../arm-none-eabi/lib/thumb/v7-m\libc_nano.a
END GROUP
START GROUP
LOAD m:/application/stm32cubeide_1.0.2/stm32cubeide/plugins/com.st.stm32cube.ide.mcu.externaltools.gnu-tools-for-stm32.7-2018-q2-update.win32_1.0.0.201904181610/tools/bin/../lib/gcc/arm-none-eabi/7.3.1/thumb/v7-m\libgcc.a
LOAD m:/application/stm32cubeide_1.0.2/stm32cubeide/plugins/com.st.stm32cube.ide.mcu.externaltools.gnu-tools-for-stm32.7-2018-q2-update.win32_1.0.0.201904181610/tools/bin/../lib/gcc/arm-none-eabi/7.3.1/../../../../arm-none-eabi/lib/thumb/v7-m\libc_nano.a
LOAD m:/application/stm32cubeide_1.0.2/stm32cubeide/plugins/com.st.stm32cube.ide.mcu.externaltools.gnu-tools-for-stm32.7-2018-q2-update.win32_1.0.0.201904181610/tools/bin/../lib/gcc/arm-none-eabi/7.3.1/../../../../arm-none-eabi/lib/thumb/v7-m\libnosys.a
END GROUP
START GROUP
LOAD m:/application/stm32cubeide_1.0.2/stm32cubeide/plugins/com.st.stm32cube.ide.mcu.externaltools.gnu-tools-for-stm32.7-2018-q2-update.win32_1.0.0.201904181610/tools/bin/../lib/gcc/arm-none-eabi/7.3.1/thumb/v7-m\libgcc.a
LOAD m:/application/stm32cubeide_1.0.2/stm32cubeide/plugins/com.st.stm32cube.ide.mcu.externaltools.gnu-tools-for-stm32.7-2018-q2-update.win32_1.0.0.201904181610/tools/bin/../lib/gcc/arm-none-eabi/7.3.1/../../../../arm-none-eabi/lib/thumb/v7-m\libc_nano.a
LOAD m:/application/stm32cubeide_1.0.2/stm32cubeide/plugins/com.st.stm32cube.ide.mcu.externaltools.gnu-tools-for-stm32.7-2018-q2-update.win32_1.0.0.201904181610/tools/bin/../lib/gcc/arm-none-eabi/7.3.1/../../../../arm-none-eabi/lib/thumb/v7-m\libnosys.a
END GROUP
LOAD m:/application/stm32cubeide_1.0.2/stm32cubeide/plugins/com.st.stm32cube.ide.mcu.externaltools.gnu-tools-for-stm32.7-2018-q2-update.win32_1.0.0.201904181610/tools/bin/../lib/gcc/arm-none-eabi/7.3.1/thumb/v7-m/crtend.o
LOAD m:/application/stm32cubeide_1.0.2/stm32cubeide/plugins/com.st.stm32cube.ide.mcu.externaltools.gnu-tools-for-stm32.7-2018-q2-update.win32_1.0.0.201904181610/tools/bin/../lib/gcc/arm-none-eabi/7.3.1/thumb/v7-m/crtn.o
                0x000000002000c000                _estack = 0x2000c000
                0x0000000000000200                _Min_Heap_Size = 0x200
                0x0000000000000400                _Min_Stack_Size = 0x400

.isr_vector     0x0000000008000000      0x1e4
                0x0000000008000000                . = ALIGN (0x4)
 *(.isr_vector)
 .isr_vector    0x0000000008000000      0x1e4 Startup/startup_stm32f103rctx.o
                0x0000000008000000                g_pfnVectors
                0x00000000080001e4                . = ALIGN (0x4)

.text           0x00000000080001e8     0x7c58
                0x00000000080001e8                . = ALIGN (0x4)
 *(.text)
 .text          0x00000000080001e8       0x40 m:/application/stm32cubeide_1.0.2/stm32cubeide/plugins/com.st.stm32cube.ide.mcu.externaltools.gnu-tools-for-stm32.7-2018-q2-update.win32_1.0.0.201904181610/tools/bin/../lib/gcc/arm-none-eabi/7.3.1/thumb/v7-m/crtbegin.o
 .text          0x0000000008000228      0x378 m:/application/stm32cubeide_1.0.2/stm32cubeide/plugins/com.st.stm32cube.ide.mcu.externaltools.gnu-tools-for-stm32.7-2018-q2-update.win32_1.0.0.201904181610/tools/bin/../lib/gcc/arm-none-eabi/7.3.1/thumb/v7-m\libgcc.a(_arm_addsubdf3.o)
                0x0000000008000228                __aeabi_drsub
                0x0000000008000230                __aeabi_dsub
                0x0000000008000230                __subdf3
                0x0000000008000234                __aeabi_dadd
                0x0000000008000234                __adddf3
                0x00000000080004ac                __floatunsidf
                0x00000000080004ac                __aeabi_ui2d
                0x00000000080004cc                __floatsidf
                0x00000000080004cc                __aeabi_i2d
                0x00000000080004f0                __aeabi_f2d
                0x00000000080004f0                __extendsfdf2
                0x0000000008000534                __floatundidf
                0x0000000008000534                __aeabi_ul2d
                0x0000000008000544                __floatdidf
                0x0000000008000544                __aeabi_l2d
 .text          0x00000000080005a0      0x424 m:/application/stm32cubeide_1.0.2/stm32cubeide/plugins/com.st.stm32cube.ide.mcu.externaltools.gnu-tools-for-stm32.7-2018-q2-update.win32_1.0.0.201904181610/tools/bin/../lib/gcc/arm-none-eabi/7.3.1/thumb/v7-m\libgcc.a(_arm_muldivdf3.o)
                0x00000000080005a0                __aeabi_dmul
                0x00000000080005a0                __muldf3
                0x00000000080007f4                __divdf3
                0x00000000080007f4                __aeabi_ddiv
 .text          0x00000000080009c4       0x40 m:/application/stm32cubeide_1.0.2/stm32cubeide/plugins/com.st.stm32cube.ide.mcu.externaltools.gnu-tools-for-stm32.7-2018-q2-update.win32_1.0.0.201904181610/tools/bin/../lib/gcc/arm-none-eabi/7.3.1/thumb/v7-m\libgcc.a(_arm_fixunsdfsi.o)
                0x00000000080009c4                __aeabi_d2uiz
                0x00000000080009c4                __fixunsdfsi
 *(.text*)
 .text.HAL_Init
                0x0000000008000a04       0x2c Drivers/STM32F1xx_HAL_Driver/Src/stm32f1xx_hal.o
                0x0000000008000a04                HAL_Init
 .text.HAL_InitTick
                0x0000000008000a30       0x60 Drivers/STM32F1xx_HAL_Driver/Src/stm32f1xx_hal.o
                0x0000000008000a30                HAL_InitTick
 .text.HAL_IncTick
                0x0000000008000a90       0x24 Drivers/STM32F1xx_HAL_Driver/Src/stm32f1xx_hal.o
                0x0000000008000a90                HAL_IncTick
 .text.HAL_GetTick
                0x0000000008000ab4       0x14 Drivers/STM32F1xx_HAL_Driver/Src/stm32f1xx_hal.o
                0x0000000008000ab4                HAL_GetTick
 .text.HAL_Delay
                0x0000000008000ac8       0x44 Drivers/STM32F1xx_HAL_Driver/Src/stm32f1xx_hal.o
                0x0000000008000ac8                HAL_Delay
 .text.__NVIC_SetPriorityGrouping
                0x0000000008000b0c       0x48 Drivers/STM32F1xx_HAL_Driver/Src/stm32f1xx_hal_cortex.o
 .text.__NVIC_GetPriorityGrouping
                0x0000000008000b54       0x1c Drivers/STM32F1xx_HAL_Driver/Src/stm32f1xx_hal_cortex.o
 .text.__NVIC_EnableIRQ
                0x0000000008000b70       0x38 Drivers/STM32F1xx_HAL_Driver/Src/stm32f1xx_hal_cortex.o
 .text.__NVIC_SetPriority
                0x0000000008000ba8       0x54 Drivers/STM32F1xx_HAL_Driver/Src/stm32f1xx_hal_cortex.o
 .text.NVIC_EncodePriority
                0x0000000008000bfc       0x64 Drivers/STM32F1xx_HAL_Driver/Src/stm32f1xx_hal_cortex.o
 .text.SysTick_Config
                0x0000000008000c60       0x44 Drivers/STM32F1xx_HAL_Driver/Src/stm32f1xx_hal_cortex.o
 .text.HAL_NVIC_SetPriorityGrouping
                0x0000000008000ca4       0x16 Drivers/STM32F1xx_HAL_Driver/Src/stm32f1xx_hal_cortex.o
                0x0000000008000ca4                HAL_NVIC_SetPriorityGrouping
 .text.HAL_NVIC_SetPriority
                0x0000000008000cba       0x38 Drivers/STM32F1xx_HAL_Driver/Src/stm32f1xx_hal_cortex.o
                0x0000000008000cba                HAL_NVIC_SetPriority
 .text.HAL_NVIC_EnableIRQ
                0x0000000008000cf2       0x1c Drivers/STM32F1xx_HAL_Driver/Src/stm32f1xx_hal_cortex.o
                0x0000000008000cf2                HAL_NVIC_EnableIRQ
 .text.HAL_SYSTICK_Config
                0x0000000008000d0e       0x18 Drivers/STM32F1xx_HAL_Driver/Src/stm32f1xx_hal_cortex.o
                0x0000000008000d0e                HAL_SYSTICK_Config
 *fill*         0x0000000008000d26        0x2 
 .text.HAL_GPIO_Init
                0x0000000008000d28      0x2d4 Drivers/STM32F1xx_HAL_Driver/Src/stm32f1xx_hal_gpio.o
                0x0000000008000d28                HAL_GPIO_Init
 .text.HAL_GPIO_ReadPin
                0x0000000008000ffc       0x2e Drivers/STM32F1xx_HAL_Driver/Src/stm32f1xx_hal_gpio.o
                0x0000000008000ffc                HAL_GPIO_ReadPin
 .text.HAL_GPIO_WritePin
                0x000000000800102a       0x30 Drivers/STM32F1xx_HAL_Driver/Src/stm32f1xx_hal_gpio.o
                0x000000000800102a                HAL_GPIO_WritePin
 .text.HAL_GPIO_TogglePin
                0x000000000800105a       0x30 Drivers/STM32F1xx_HAL_Driver/Src/stm32f1xx_hal_gpio.o
                0x000000000800105a                HAL_GPIO_TogglePin
 *fill*         0x000000000800108a        0x2 
 .text.HAL_GPIO_EXTI_IRQHandler
                0x000000000800108c       0x30 Drivers/STM32F1xx_HAL_Driver/Src/stm32f1xx_hal_gpio.o
                0x000000000800108c                HAL_GPIO_EXTI_IRQHandler
 .text.HAL_RCC_OscConfig
                0x00000000080010bc      0x500 Drivers/STM32F1xx_HAL_Driver/Src/stm32f1xx_hal_rcc.o
                0x00000000080010bc                HAL_RCC_OscConfig
 .text.HAL_RCC_ClockConfig
                0x00000000080015bc      0x1d4 Drivers/STM32F1xx_HAL_Driver/Src/stm32f1xx_hal_rcc.o
                0x00000000080015bc                HAL_RCC_ClockConfig
 .text.HAL_RCC_GetSysClockFreq
                0x0000000008001790       0xc4 Drivers/STM32F1xx_HAL_Driver/Src/stm32f1xx_hal_rcc.o
                0x0000000008001790                HAL_RCC_GetSysClockFreq
 .text.HAL_RCC_GetHCLKFreq
                0x0000000008001854       0x14 Drivers/STM32F1xx_HAL_Driver/Src/stm32f1xx_hal_rcc.o
                0x0000000008001854                HAL_RCC_GetHCLKFreq
 .text.HAL_RCC_GetPCLK1Freq
                0x0000000008001868       0x28 Drivers/STM32F1xx_HAL_Driver/Src/stm32f1xx_hal_rcc.o
                0x0000000008001868                HAL_RCC_GetPCLK1Freq
 .text.HAL_RCC_GetPCLK2Freq
                0x0000000008001890       0x28 Drivers/STM32F1xx_HAL_Driver/Src/stm32f1xx_hal_rcc.o
                0x0000000008001890                HAL_RCC_GetPCLK2Freq
 .text.RCC_Delay
                0x00000000080018b8       0x3c Drivers/STM32F1xx_HAL_Driver/Src/stm32f1xx_hal_rcc.o
 .text.HAL_UART_Init
                0x00000000080018f4       0x9a Drivers/STM32F1xx_HAL_Driver/Src/stm32f1xx_hal_uart.o
                0x00000000080018f4                HAL_UART_Init
 .text.HAL_UART_Transmit
                0x000000000800198e      0x132 Drivers/STM32F1xx_HAL_Driver/Src/stm32f1xx_hal_uart.o
                0x000000000800198e                HAL_UART_Transmit
 .text.UART_WaitOnFlagUntilTimeout
                0x0000000008001ac0       0x94 Drivers/STM32F1xx_HAL_Driver/Src/stm32f1xx_hal_uart.o
 .text.UART_SetConfig
                0x0000000008001b54      0x1b4 Drivers/STM32F1xx_HAL_Driver/Src/stm32f1xx_hal_uart.o
 .text.MX_GPIO_Init
                0x0000000008001d08      0x144 Src/gpio.o
                0x0000000008001d08                MX_GPIO_Init
 .text.LCD_WR_REG
                0x0000000008001e4c       0x48 Src/lcd.o
                0x0000000008001e4c                LCD_WR_REG
 .text.LCD_WR_DATAX
                0x0000000008001e94       0x48 Src/lcd.o
                0x0000000008001e94                LCD_WR_DATAX
 .text.LCD_RD_DATA
                0x0000000008001edc       0x88 Src/lcd.o
                0x0000000008001edc                LCD_RD_DATA
 .text.LCD_WriteReg
                0x0000000008001f64       0x54 Src/lcd.o
                0x0000000008001f64                LCD_WriteReg
 .text.LCD_ReadReg
                0x0000000008001fb8       0x20 Src/lcd.o
                0x0000000008001fb8                LCD_ReadReg
 .text.LCD_WriteRAM_Prepare
                0x0000000008001fd8       0x18 Src/lcd.o
                0x0000000008001fd8                LCD_WriteRAM_Prepare
 .text.LCD_SetCursor
                0x0000000008001ff0      0x598 Src/lcd.o
                0x0000000008001ff0                LCD_SetCursor
 .text.LCD_Scan_Dir
                0x0000000008002588      0x624 Src/lcd.o
                0x0000000008002588                LCD_Scan_Dir
 .text.LCD_DrawPoint
                0x0000000008002bac       0x60 Src/lcd.o
                0x0000000008002bac                LCD_DrawPoint
 .text.LCD_Fast_DrawPoint
                0x0000000008002c0c      0x52c Src/lcd.o
                0x0000000008002c0c                LCD_Fast_DrawPoint
 .text.LCD_SSD_BackLightSet
                0x0000000008003138      0x148 Src/lcd.o
                0x0000000008003138                LCD_SSD_BackLightSet
 .text.LCD_Display_Dir
                0x0000000008003280      0x218 Src/lcd.o
                0x0000000008003280                LCD_Display_Dir
 .text.LCD_Init
                0x0000000008003498     0x3e5c Src/lcd.o
                0x0000000008003498                LCD_Init
 .text.LCD_Clear
                0x00000000080072f4       0xc4 Src/lcd.o
                0x00000000080072f4                LCD_Clear
 .text.LCD_Fill
                0x00000000080073b8      0x118 Src/lcd.o
                0x00000000080073b8                LCD_Fill
 .text.LCD_DrawLine
                0x00000000080074d0      0x106 Src/lcd.o
                0x00000000080074d0                LCD_DrawLine
 .text.LCD_DrawRectangle
                0x00000000080075d6       0x56 Src/lcd.o
                0x00000000080075d6                LCD_DrawRectangle
 .text.LCD_ShowChar
                0x000000000800762c      0x15c Src/lcd.o
                0x000000000800762c                LCD_ShowChar
 .text.LCD_ShowString
                0x0000000008007788       0x9c Src/lcd.o
                0x0000000008007788                LCD_ShowString
 .text.main     0x0000000008007824      0x208 Src/main.o
                0x0000000008007824                main
 .text.SystemClock_Config
                0x0000000008007a2c       0x76 Src/main.o
                0x0000000008007a2c                SystemClock_Config
 *fill*         0x0000000008007aa2        0x2 
 .text.HAL_GPIO_EXTI_Callback
                0x0000000008007aa4       0x98 Src/main.o
                0x0000000008007aa4                HAL_GPIO_EXTI_Callback
 .text.Error_Handler
                0x0000000008007b3c        0xc Src/main.o
                0x0000000008007b3c                Error_Handler
 .text.HAL_MspInit
                0x0000000008007b48       0x68 Src/stm32f1xx_hal_msp.o
                0x0000000008007b48                HAL_MspInit
 .text.NMI_Handler
                0x0000000008007bb0        0xc Src/stm32f1xx_it.o
                0x0000000008007bb0                NMI_Handler
 .text.HardFault_Handler
                0x0000000008007bbc        0x6 Src/stm32f1xx_it.o
                0x0000000008007bbc                HardFault_Handler
 .text.MemManage_Handler
                0x0000000008007bc2        0x6 Src/stm32f1xx_it.o
                0x0000000008007bc2                MemManage_Handler
 .text.BusFault_Handler
                0x0000000008007bc8        0x6 Src/stm32f1xx_it.o
                0x0000000008007bc8                BusFault_Handler
 .text.UsageFault_Handler
                0x0000000008007bce        0x6 Src/stm32f1xx_it.o
                0x0000000008007bce                UsageFault_Handler
 .text.SVC_Handler
                0x0000000008007bd4        0xc Src/stm32f1xx_it.o
                0x0000000008007bd4                SVC_Handler
 .text.DebugMon_Handler
                0x0000000008007be0        0xc Src/stm32f1xx_it.o
                0x0000000008007be0                DebugMon_Handler
 .text.PendSV_Handler
                0x0000000008007bec        0xc Src/stm32f1xx_it.o
                0x0000000008007bec                PendSV_Handler
 .text.SysTick_Handler
                0x0000000008007bf8        0xc Src/stm32f1xx_it.o
                0x0000000008007bf8                SysTick_Handler
 .text.EXTI0_IRQHandler
                0x0000000008007c04        0xe Src/stm32f1xx_it.o
                0x0000000008007c04                EXTI0_IRQHandler
 .text.EXTI9_5_IRQHandler
                0x0000000008007c12        0xe Src/stm32f1xx_it.o
                0x0000000008007c12                EXTI9_5_IRQHandler
 .text.EXTI15_10_IRQHandler
                0x0000000008007c20       0x10 Src/stm32f1xx_it.o
                0x0000000008007c20                EXTI15_10_IRQHandler
 .text.SystemInit
                0x0000000008007c30       0x68 Src/system_stm32f1xx.o
                0x0000000008007c30                SystemInit
 .text.MX_USART1_UART_Init
                0x0000000008007c98       0x54 Src/usart.o
                0x0000000008007c98                MX_USART1_UART_Init
 .text.HAL_UART_MspInit
                0x0000000008007cec       0x98 Src/usart.o
                0x0000000008007cec                HAL_UART_MspInit
 .text.Reset_Handler
                0x0000000008007d84       0x48 Startup/startup_stm32f103rctx.o
                0x0000000008007d84                Reset_Handler
 .text.Default_Handler
                0x0000000008007dcc        0x2 Startup/startup_stm32f103rctx.o
                0x0000000008007dcc                RTC_Alarm_IRQHandler
                0x0000000008007dcc                EXTI2_IRQHandler
                0x0000000008007dcc                TIM8_TRG_COM_IRQHandler
                0x0000000008007dcc                TIM8_CC_IRQHandler
                0x0000000008007dcc                TIM1_CC_IRQHandler
                0x0000000008007dcc                TIM6_IRQHandler
                0x0000000008007dcc                PVD_IRQHandler
                0x0000000008007dcc                SDIO_IRQHandler
                0x0000000008007dcc                EXTI3_IRQHandler
                0x0000000008007dcc                I2C2_EV_IRQHandler
                0x0000000008007dcc                ADC1_2_IRQHandler
                0x0000000008007dcc                SPI1_IRQHandler
                0x0000000008007dcc                TAMPER_IRQHandler
                0x0000000008007dcc                TIM8_UP_IRQHandler
                0x0000000008007dcc                DMA2_Channel2_IRQHandler
                0x0000000008007dcc                DMA1_Channel4_IRQHandler
                0x0000000008007dcc                USART3_IRQHandler
                0x0000000008007dcc                RTC_IRQHandler
                0x0000000008007dcc                DMA1_Channel7_IRQHandler
                0x0000000008007dcc                CAN1_RX1_IRQHandler
                0x0000000008007dcc                UART5_IRQHandler
                0x0000000008007dcc                ADC3_IRQHandler
                0x0000000008007dcc                TIM4_IRQHandler
                0x0000000008007dcc                DMA2_Channel1_IRQHandler
                0x0000000008007dcc                I2C1_EV_IRQHandler
                0x0000000008007dcc                DMA1_Channel6_IRQHandler
                0x0000000008007dcc                UART4_IRQHandler
                0x0000000008007dcc                TIM3_IRQHandler
                0x0000000008007dcc                RCC_IRQHandler
                0x0000000008007dcc                TIM1_TRG_COM_IRQHandler
                0x0000000008007dcc                DMA1_Channel1_IRQHandler
                0x0000000008007dcc                Default_Handler
                0x0000000008007dcc                TIM7_IRQHandler
                0x0000000008007dcc                TIM5_IRQHandler
                0x0000000008007dcc                SPI2_IRQHandler
                0x0000000008007dcc                DMA1_Channel5_IRQHandler
                0x0000000008007dcc                EXTI4_IRQHandler
                0x0000000008007dcc                USB_LP_CAN1_RX0_IRQHandler
                0x0000000008007dcc                USB_HP_CAN1_TX_IRQHandler
                0x0000000008007dcc                DMA1_Channel3_IRQHandler
                0x0000000008007dcc                FSMC_IRQHandler
                0x0000000008007dcc                TIM1_UP_IRQHandler
                0x0000000008007dcc                WWDG_IRQHandler
                0x0000000008007dcc                TIM2_IRQHandler
                0x0000000008007dcc                TIM1_BRK_IRQHandler
                0x0000000008007dcc                EXTI1_IRQHandler
                0x0000000008007dcc                DMA2_Channel4_5_IRQHandler
                0x0000000008007dcc                USART2_IRQHandler
                0x0000000008007dcc                I2C2_ER_IRQHandler
                0x0000000008007dcc                DMA1_Channel2_IRQHandler
                0x0000000008007dcc                TIM8_BRK_IRQHandler
                0x0000000008007dcc                CAN1_SCE_IRQHandler
                0x0000000008007dcc                FLASH_IRQHandler
                0x0000000008007dcc                USART1_IRQHandler
                0x0000000008007dcc                SPI3_IRQHandler
                0x0000000008007dcc                I2C1_ER_IRQHandler
                0x0000000008007dcc                USBWakeUp_IRQHandler
                0x0000000008007dcc                DMA2_Channel3_IRQHandler
 *fill*         0x0000000008007dce        0x2 
 .text.__libc_init_array
                0x0000000008007dd0       0x48 m:/application/stm32cubeide_1.0.2/stm32cubeide/plugins/com.st.stm32cube.ide.mcu.externaltools.gnu-tools-for-stm32.7-2018-q2-update.win32_1.0.0.201904181610/tools/bin/../lib/gcc/arm-none-eabi/7.3.1/../../../../arm-none-eabi/lib/thumb/v7-m\libc_nano.a(lib_a-init.o)
                0x0000000008007dd0                __libc_init_array
 .text.memset   0x0000000008007e18       0x10 m:/application/stm32cubeide_1.0.2/stm32cubeide/plugins/com.st.stm32cube.ide.mcu.externaltools.gnu-tools-for-stm32.7-2018-q2-update.win32_1.0.0.201904181610/tools/bin/../lib/gcc/arm-none-eabi/7.3.1/../../../../arm-none-eabi/lib/thumb/v7-m\libc_nano.a(lib_a-memset.o)
                0x0000000008007e18                memset
 *(.glue_7)
 .glue_7        0x0000000008007e28        0x0 linker stubs
 *(.glue_7t)
 .glue_7t       0x0000000008007e28        0x0 linker stubs
 *(.eh_frame)
 .eh_frame      0x0000000008007e28        0x0 m:/application/stm32cubeide_1.0.2/stm32cubeide/plugins/com.st.stm32cube.ide.mcu.externaltools.gnu-tools-for-stm32.7-2018-q2-update.win32_1.0.0.201904181610/tools/bin/../lib/gcc/arm-none-eabi/7.3.1/thumb/v7-m/crtbegin.o
 *(.init)
 .init          0x0000000008007e28        0x4 m:/application/stm32cubeide_1.0.2/stm32cubeide/plugins/com.st.stm32cube.ide.mcu.externaltools.gnu-tools-for-stm32.7-2018-q2-update.win32_1.0.0.201904181610/tools/bin/../lib/gcc/arm-none-eabi/7.3.1/thumb/v7-m/crti.o
                0x0000000008007e28                _init
 .init          0x0000000008007e2c        0x8 m:/application/stm32cubeide_1.0.2/stm32cubeide/plugins/com.st.stm32cube.ide.mcu.externaltools.gnu-tools-for-stm32.7-2018-q2-update.win32_1.0.0.201904181610/tools/bin/../lib/gcc/arm-none-eabi/7.3.1/thumb/v7-m/crtn.o
 *(.fini)
 .fini          0x0000000008007e34        0x4 m:/application/stm32cubeide_1.0.2/stm32cubeide/plugins/com.st.stm32cube.ide.mcu.externaltools.gnu-tools-for-stm32.7-2018-q2-update.win32_1.0.0.201904181610/tools/bin/../lib/gcc/arm-none-eabi/7.3.1/thumb/v7-m/crti.o
                0x0000000008007e34                _fini
 .fini          0x0000000008007e38        0x8 m:/application/stm32cubeide_1.0.2/stm32cubeide/plugins/com.st.stm32cube.ide.mcu.externaltools.gnu-tools-for-stm32.7-2018-q2-update.win32_1.0.0.201904181610/tools/bin/../lib/gcc/arm-none-eabi/7.3.1/thumb/v7-m/crtn.o
                0x0000000008007e40                . = ALIGN (0x4)
                0x0000000008007e40                _etext = .

.vfp11_veneer   0x0000000008007e40        0x0
 .vfp11_veneer  0x0000000008007e40        0x0 linker stubs

.v4_bx          0x0000000008007e40        0x0
 .v4_bx         0x0000000008007e40        0x0 linker stubs

.iplt           0x0000000008007e40        0x0
 .iplt          0x0000000008007e40        0x0 m:/application/stm32cubeide_1.0.2/stm32cubeide/plugins/com.st.stm32cube.ide.mcu.externaltools.gnu-tools-for-stm32.7-2018-q2-update.win32_1.0.0.201904181610/tools/bin/../lib/gcc/arm-none-eabi/7.3.1/thumb/v7-m/crtbegin.o

.rodata         0x0000000008007e40     0x1818
                0x0000000008007e40                . = ALIGN (0x4)
 *(.rodata)
 .rodata        0x0000000008007e40       0x12 Drivers/STM32F1xx_HAL_Driver/Src/stm32f1xx_hal_rcc.o
 *fill*         0x0000000008007e52        0x2 
 .rodata        0x0000000008007e54       0x2a Src/main.o
 *(.rodata*)
 *fill*         0x0000000008007e7e        0x2 
 .rodata.asc2_1206
                0x0000000008007e80      0x474 Src/lcd.o
                0x0000000008007e80                asc2_1206
 .rodata.asc2_1608
                0x00000000080082f4      0x5f0 Src/lcd.o
                0x00000000080082f4                asc2_1608
 .rodata.asc2_2412
                0x00000000080088e4      0xd5c Src/lcd.o
                0x00000000080088e4                asc2_2412
 .rodata.AHBPrescTable
                0x0000000008009640       0x10 Src/system_stm32f1xx.o
                0x0000000008009640                AHBPrescTable
 .rodata.APBPrescTable
                0x0000000008009650        0x8 Src/system_stm32f1xx.o
                0x0000000008009650                APBPrescTable
                0x0000000008009658                . = ALIGN (0x4)

.rel.dyn        0x0000000008009658        0x0
 .rel.iplt      0x0000000008009658        0x0 m:/application/stm32cubeide_1.0.2/stm32cubeide/plugins/com.st.stm32cube.ide.mcu.externaltools.gnu-tools-for-stm32.7-2018-q2-update.win32_1.0.0.201904181610/tools/bin/../lib/gcc/arm-none-eabi/7.3.1/thumb/v7-m/crtbegin.o

.ARM.extab      0x0000000008009658        0x0
                0x0000000008009658                . = ALIGN (0x4)
 *(.ARM.extab* .gnu.linkonce.armextab.*)
                0x0000000008009658                . = ALIGN (0x4)

.ARM            0x0000000008009658        0x0
                0x0000000008009658                . = ALIGN (0x4)
                0x0000000008009658                __exidx_start = .
 *(.ARM.exidx*)
                0x0000000008009658                __exidx_end = .
                0x0000000008009658                . = ALIGN (0x4)

.preinit_array  0x0000000008009658        0x0
                0x0000000008009658                . = ALIGN (0x4)
                0x0000000008009658                PROVIDE (__preinit_array_start = .)
 *(.preinit_array*)
                0x0000000008009658                PROVIDE (__preinit_array_end = .)
                0x0000000008009658                . = ALIGN (0x4)

.init_array     0x0000000008009658        0x4
                0x0000000008009658                . = ALIGN (0x4)
                0x0000000008009658                PROVIDE (__init_array_start = .)
 *(SORT_BY_NAME(.init_array.*))
 *(.init_array*)
 .init_array    0x0000000008009658        0x4 m:/application/stm32cubeide_1.0.2/stm32cubeide/plugins/com.st.stm32cube.ide.mcu.externaltools.gnu-tools-for-stm32.7-2018-q2-update.win32_1.0.0.201904181610/tools/bin/../lib/gcc/arm-none-eabi/7.3.1/thumb/v7-m/crtbegin.o
                0x000000000800965c                PROVIDE (__init_array_end = .)
                0x000000000800965c                . = ALIGN (0x4)

.fini_array     0x000000000800965c        0x4
                0x000000000800965c                . = ALIGN (0x4)
                [!provide]                        PROVIDE (__fini_array_start = .)
 *(SORT_BY_NAME(.fini_array.*))
 *(.fini_array*)
 .fini_array    0x000000000800965c        0x4 m:/application/stm32cubeide_1.0.2/stm32cubeide/plugins/com.st.stm32cube.ide.mcu.externaltools.gnu-tools-for-stm32.7-2018-q2-update.win32_1.0.0.201904181610/tools/bin/../lib/gcc/arm-none-eabi/7.3.1/thumb/v7-m/crtbegin.o
                [!provide]                        PROVIDE (__fini_array_end = .)
                0x0000000008009660                . = ALIGN (0x4)
                0x0000000008009660                _sidata = LOADADDR (.data)

.data           0x0000000020000000        0xc load address 0x0000000008009660
                0x0000000020000000                . = ALIGN (0x4)
                0x0000000020000000                _sdata = .
 *(.data)
 *(.data*)
 .data.uwTickPrio
                0x0000000020000000        0x4 Drivers/STM32F1xx_HAL_Driver/Src/stm32f1xx_hal.o
                0x0000000020000000                uwTickPrio
 .data.uwTickFreq
                0x0000000020000004        0x1 Drivers/STM32F1xx_HAL_Driver/Src/stm32f1xx_hal.o
                0x0000000020000004                uwTickFreq
 *fill*         0x0000000020000005        0x1 
 .data.BACK_COLOR
                0x0000000020000006        0x2 Src/lcd.o
                0x0000000020000006                BACK_COLOR
 .data.SystemCoreClock
                0x0000000020000008        0x4 Src/system_stm32f1xx.o
                0x0000000020000008                SystemCoreClock
                0x000000002000000c                . = ALIGN (0x4)
                0x000000002000000c                _edata = .

.igot.plt       0x000000002000000c        0x0 load address 0x000000000800966c
 .igot.plt      0x000000002000000c        0x0 m:/application/stm32cubeide_1.0.2/stm32cubeide/plugins/com.st.stm32cube.ide.mcu.externaltools.gnu-tools-for-stm32.7-2018-q2-update.win32_1.0.0.201904181610/tools/bin/../lib/gcc/arm-none-eabi/7.3.1/thumb/v7-m/crtbegin.o
                0x000000002000000c                . = ALIGN (0x4)

.bss            0x000000002000000c       0x74 load address 0x000000000800966c
                0x000000002000000c                _sbss = .
                0x000000002000000c                __bss_start__ = _sbss
 *(.bss)
 .bss           0x000000002000000c       0x1c m:/application/stm32cubeide_1.0.2/stm32cubeide/plugins/com.st.stm32cube.ide.mcu.externaltools.gnu-tools-for-stm32.7-2018-q2-update.win32_1.0.0.201904181610/tools/bin/../lib/gcc/arm-none-eabi/7.3.1/thumb/v7-m/crtbegin.o
 *(.bss*)
 .bss.POINT_COLOR
                0x0000000020000028        0x2 Src/lcd.o
                0x0000000020000028                POINT_COLOR
 *(COMMON)
 *fill*         0x000000002000002a        0x2 
 COMMON         0x000000002000002c        0x4 Drivers/STM32F1xx_HAL_Driver/Src/stm32f1xx_hal.o
                0x000000002000002c                uwTick
 COMMON         0x0000000020000030        0xe Src/lcd.o
                0x0000000020000030                lcddev
 *fill*         0x000000002000003e        0x2 
 COMMON         0x0000000020000040       0x40 Src/usart.o
                0x0000000020000040                huart1
                0x0000000020000080                . = ALIGN (0x4)
                0x0000000020000080                _ebss = .
                0x0000000020000080                __bss_end__ = _ebss

._user_heap_stack
                0x0000000020000080      0x600 load address 0x000000000800966c
                0x0000000020000080                . = ALIGN (0x8)
                0x0000000020000080                PROVIDE (end = .)
                [!provide]                        PROVIDE (_end = .)
                0x0000000020000280                . = (. + _Min_Heap_Size)
 *fill*         0x0000000020000080      0x200 
                0x0000000020000680                . = (. + _Min_Stack_Size)
 *fill*         0x0000000020000280      0x400 
                0x0000000020000680                . = ALIGN (0x8)

/DISCARD/
 libc.a(*)
 libm.a(*)
 libgcc.a(*)

.ARM.attributes
                0x0000000000000000       0x29
 *(.ARM.attributes)
 .ARM.attributes
                0x0000000000000000       0x1d m:/application/stm32cubeide_1.0.2/stm32cubeide/plugins/com.st.stm32cube.ide.mcu.externaltools.gnu-tools-for-stm32.7-2018-q2-update.win32_1.0.0.201904181610/tools/bin/../lib/gcc/arm-none-eabi/7.3.1/thumb/v7-m/crti.o
 .ARM.attributes
                0x000000000000001d       0x2d m:/application/stm32cubeide_1.0.2/stm32cubeide/plugins/com.st.stm32cube.ide.mcu.externaltools.gnu-tools-for-stm32.7-2018-q2-update.win32_1.0.0.201904181610/tools/bin/../lib/gcc/arm-none-eabi/7.3.1/thumb/v7-m/crtbegin.o
 .ARM.attributes
                0x000000000000004a       0x33 Drivers/STM32F1xx_HAL_Driver/Src/stm32f1xx_hal.o
 .ARM.attributes
                0x000000000000007d       0x33 Drivers/STM32F1xx_HAL_Driver/Src/stm32f1xx_hal_cortex.o
 .ARM.attributes
                0x00000000000000b0       0x33 Drivers/STM32F1xx_HAL_Driver/Src/stm32f1xx_hal_gpio.o
 .ARM.attributes
                0x00000000000000e3       0x33 Drivers/STM32F1xx_HAL_Driver/Src/stm32f1xx_hal_rcc.o
 .ARM.attributes
                0x0000000000000116       0x33 Drivers/STM32F1xx_HAL_Driver/Src/stm32f1xx_hal_uart.o
 .ARM.attributes
                0x0000000000000149       0x33 Src/gpio.o
 .ARM.attributes
                0x000000000000017c       0x33 Src/lcd.o
 .ARM.attributes
                0x00000000000001af       0x33 Src/main.o
 .ARM.attributes
                0x00000000000001e2       0x33 Src/stm32f1xx_hal_msp.o
 .ARM.attributes
                0x0000000000000215       0x33 Src/stm32f1xx_it.o
 .ARM.attributes
                0x0000000000000248       0x33 Src/system_stm32f1xx.o
 .ARM.attributes
                0x000000000000027b       0x33 Src/usart.o
 .ARM.attributes
                0x00000000000002ae       0x21 Startup/startup_stm32f103rctx.o
 .ARM.attributes
                0x00000000000002cf       0x2d m:/application/stm32cubeide_1.0.2/stm32cubeide/plugins/com.st.stm32cube.ide.mcu.externaltools.gnu-tools-for-stm32.7-2018-q2-update.win32_1.0.0.201904181610/tools/bin/../lib/gcc/arm-none-eabi/7.3.1/../../../../arm-none-eabi/lib/thumb/v7-m\libc_nano.a(lib_a-init.o)
 .ARM.attributes
                0x00000000000002fc       0x2d m:/application/stm32cubeide_1.0.2/stm32cubeide/plugins/com.st.stm32cube.ide.mcu.externaltools.gnu-tools-for-stm32.7-2018-q2-update.win32_1.0.0.201904181610/tools/bin/../lib/gcc/arm-none-eabi/7.3.1/../../../../arm-none-eabi/lib/thumb/v7-m\libc_nano.a(lib_a-memset.o)
 .ARM.attributes
                0x0000000000000329       0x1d m:/application/stm32cubeide_1.0.2/stm32cubeide/plugins/com.st.stm32cube.ide.mcu.externaltools.gnu-tools-for-stm32.7-2018-q2-update.win32_1.0.0.201904181610/tools/bin/../lib/gcc/arm-none-eabi/7.3.1/thumb/v7-m\libgcc.a(_arm_addsubdf3.o)
 .ARM.attributes
                0x0000000000000346       0x1d m:/application/stm32cubeide_1.0.2/stm32cubeide/plugins/com.st.stm32cube.ide.mcu.externaltools.gnu-tools-for-stm32.7-2018-q2-update.win32_1.0.0.201904181610/tools/bin/../lib/gcc/arm-none-eabi/7.3.1/thumb/v7-m\libgcc.a(_arm_muldivdf3.o)
 .ARM.attributes
                0x0000000000000363       0x1d m:/application/stm32cubeide_1.0.2/stm32cubeide/plugins/com.st.stm32cube.ide.mcu.externaltools.gnu-tools-for-stm32.7-2018-q2-update.win32_1.0.0.201904181610/tools/bin/../lib/gcc/arm-none-eabi/7.3.1/thumb/v7-m\libgcc.a(_arm_fixunsdfsi.o)
 .ARM.attributes
                0x0000000000000380       0x1d m:/application/stm32cubeide_1.0.2/stm32cubeide/plugins/com.st.stm32cube.ide.mcu.externaltools.gnu-tools-for-stm32.7-2018-q2-update.win32_1.0.0.201904181610/tools/bin/../lib/gcc/arm-none-eabi/7.3.1/thumb/v7-m/crtn.o
OUTPUT(LCD_Module.elf elf32-littlearm)

.debug_info     0x0000000000000000     0x7062
 .debug_info    0x0000000000000000      0x764 Drivers/STM32F1xx_HAL_Driver/Src/stm32f1xx_hal.o
 .debug_info    0x0000000000000764      0xbac Drivers/STM32F1xx_HAL_Driver/Src/stm32f1xx_hal_cortex.o
 .debug_info    0x0000000000001310      0x681 Drivers/STM32F1xx_HAL_Driver/Src/stm32f1xx_hal_gpio.o
 .debug_info    0x0000000000001991      0x804 Drivers/STM32F1xx_HAL_Driver/Src/stm32f1xx_hal_rcc.o
 .debug_info    0x0000000000002195     0x11e3 Drivers/STM32F1xx_HAL_Driver/Src/stm32f1xx_hal_uart.o
 .debug_info    0x0000000000003378      0x4fe Src/gpio.o
 .debug_info    0x0000000000003876     0x164e Src/lcd.o
 .debug_info    0x0000000000004ec4     0x1093 Src/main.o
 .debug_info    0x0000000000005f57      0x2cb Src/stm32f1xx_hal_msp.o
 .debug_info    0x0000000000006222      0x243 Src/stm32f1xx_it.o
 .debug_info    0x0000000000006465      0x433 Src/system_stm32f1xx.o
 .debug_info    0x0000000000006898      0x7a8 Src/usart.o
 .debug_info    0x0000000000007040       0x22 Startup/startup_stm32f103rctx.o

.debug_abbrev   0x0000000000000000     0x1610
 .debug_abbrev  0x0000000000000000      0x1d8 Drivers/STM32F1xx_HAL_Driver/Src/stm32f1xx_hal.o
 .debug_abbrev  0x00000000000001d8      0x2d5 Drivers/STM32F1xx_HAL_Driver/Src/stm32f1xx_hal_cortex.o
 .debug_abbrev  0x00000000000004ad      0x1c0 Drivers/STM32F1xx_HAL_Driver/Src/stm32f1xx_hal_gpio.o
 .debug_abbrev  0x000000000000066d      0x243 Drivers/STM32F1xx_HAL_Driver/Src/stm32f1xx_hal_rcc.o
 .debug_abbrev  0x00000000000008b0      0x242 Drivers/STM32F1xx_HAL_Driver/Src/stm32f1xx_hal_uart.o
 .debug_abbrev  0x0000000000000af2      0x13d Src/gpio.o
 .debug_abbrev  0x0000000000000c2f      0x30f Src/lcd.o
 .debug_abbrev  0x0000000000000f3e      0x224 Src/main.o
 .debug_abbrev  0x0000000000001162      0x109 Src/stm32f1xx_hal_msp.o
 .debug_abbrev  0x000000000000126b       0xc6 Src/stm32f1xx_it.o
 .debug_abbrev  0x0000000000001331      0x134 Src/system_stm32f1xx.o
 .debug_abbrev  0x0000000000001465      0x199 Src/usart.o
 .debug_abbrev  0x00000000000015fe       0x12 Startup/startup_stm32f103rctx.o

.debug_aranges  0x0000000000000000      0x720
 .debug_aranges
                0x0000000000000000       0xe0 Drivers/STM32F1xx_HAL_Driver/Src/stm32f1xx_hal.o
 .debug_aranges
                0x00000000000000e0      0x100 Drivers/STM32F1xx_HAL_Driver/Src/stm32f1xx_hal_cortex.o
 .debug_aranges
                0x00000000000001e0       0x58 Drivers/STM32F1xx_HAL_Driver/Src/stm32f1xx_hal_gpio.o
 .debug_aranges
                0x0000000000000238       0x90 Drivers/STM32F1xx_HAL_Driver/Src/stm32f1xx_hal_rcc.o
 .debug_aranges
                0x00000000000002c8      0x1d0 Drivers/STM32F1xx_HAL_Driver/Src/stm32f1xx_hal_uart.o
 .debug_aranges
                0x0000000000000498       0x20 Src/gpio.o
 .debug_aranges
                0x00000000000004b8      0x118 Src/lcd.o
 .debug_aranges
                0x00000000000005d0       0x38 Src/main.o
 .debug_aranges
                0x0000000000000608       0x20 Src/stm32f1xx_hal_msp.o
 .debug_aranges
                0x0000000000000628       0x78 Src/stm32f1xx_it.o
 .debug_aranges
                0x00000000000006a0       0x28 Src/system_stm32f1xx.o
 .debug_aranges
                0x00000000000006c8       0x30 Src/usart.o
 .debug_aranges
                0x00000000000006f8       0x28 Startup/startup_stm32f103rctx.o

.debug_ranges   0x0000000000000000      0x658
 .debug_ranges  0x0000000000000000       0xd0 Drivers/STM32F1xx_HAL_Driver/Src/stm32f1xx_hal.o
 .debug_ranges  0x00000000000000d0       0xf0 Drivers/STM32F1xx_HAL_Driver/Src/stm32f1xx_hal_cortex.o
 .debug_ranges  0x00000000000001c0       0x48 Drivers/STM32F1xx_HAL_Driver/Src/stm32f1xx_hal_gpio.o
 .debug_ranges  0x0000000000000208       0x80 Drivers/STM32F1xx_HAL_Driver/Src/stm32f1xx_hal_rcc.o
 .debug_ranges  0x0000000000000288      0x1c0 Drivers/STM32F1xx_HAL_Driver/Src/stm32f1xx_hal_uart.o
 .debug_ranges  0x0000000000000448       0x10 Src/gpio.o
 .debug_ranges  0x0000000000000458      0x108 Src/lcd.o
 .debug_ranges  0x0000000000000560       0x28 Src/main.o
 .debug_ranges  0x0000000000000588       0x10 Src/stm32f1xx_hal_msp.o
 .debug_ranges  0x0000000000000598       0x68 Src/stm32f1xx_it.o
 .debug_ranges  0x0000000000000600       0x18 Src/system_stm32f1xx.o
 .debug_ranges  0x0000000000000618       0x20 Src/usart.o
 .debug_ranges  0x0000000000000638       0x20 Startup/startup_stm32f103rctx.o

.debug_macro    0x0000000000000000    0x15680
 .debug_macro   0x0000000000000000      0x1a9 Drivers/STM32F1xx_HAL_Driver/Src/stm32f1xx_hal.o
 .debug_macro   0x00000000000001a9      0xa5a Drivers/STM32F1xx_HAL_Driver/Src/stm32f1xx_hal.o
 .debug_macro   0x0000000000000c03      0x215 Drivers/STM32F1xx_HAL_Driver/Src/stm32f1xx_hal.o
 .debug_macro   0x0000000000000e18       0x2e Drivers/STM32F1xx_HAL_Driver/Src/stm32f1xx_hal.o
 .debug_macro   0x0000000000000e46       0x22 Drivers/STM32F1xx_HAL_Driver/Src/stm32f1xx_hal.o
 .debug_macro   0x0000000000000e68       0x22 Drivers/STM32F1xx_HAL_Driver/Src/stm32f1xx_hal.o
 .debug_macro   0x0000000000000e8a       0x8e Drivers/STM32F1xx_HAL_Driver/Src/stm32f1xx_hal.o
 .debug_macro   0x0000000000000f18       0x51 Drivers/STM32F1xx_HAL_Driver/Src/stm32f1xx_hal.o
 .debug_macro   0x0000000000000f69       0xef Drivers/STM32F1xx_HAL_Driver/Src/stm32f1xx_hal.o
 .debug_macro   0x0000000000001058       0x6a Drivers/STM32F1xx_HAL_Driver/Src/stm32f1xx_hal.o
 .debug_macro   0x00000000000010c2      0x1df Drivers/STM32F1xx_HAL_Driver/Src/stm32f1xx_hal.o
 .debug_macro   0x00000000000012a1       0x1c Drivers/STM32F1xx_HAL_Driver/Src/stm32f1xx_hal.o
 .debug_macro   0x00000000000012bd       0x22 Drivers/STM32F1xx_HAL_Driver/Src/stm32f1xx_hal.o
 .debug_macro   0x00000000000012df       0xc3 Drivers/STM32F1xx_HAL_Driver/Src/stm32f1xx_hal.o
 .debug_macro   0x00000000000013a2      0xd23 Drivers/STM32F1xx_HAL_Driver/Src/stm32f1xx_hal.o
 .debug_macro   0x00000000000020c5     0xfd8c Drivers/STM32F1xx_HAL_Driver/Src/stm32f1xx_hal.o
 .debug_macro   0x0000000000011e51       0x43 Drivers/STM32F1xx_HAL_Driver/Src/stm32f1xx_hal.o
 .debug_macro   0x0000000000011e94      0x174 Drivers/STM32F1xx_HAL_Driver/Src/stm32f1xx_hal.o
 .debug_macro   0x0000000000012008       0x5a Drivers/STM32F1xx_HAL_Driver/Src/stm32f1xx_hal.o
 .debug_macro   0x0000000000012062      0x5be Drivers/STM32F1xx_HAL_Driver/Src/stm32f1xx_hal.o
 .debug_macro   0x0000000000012620      0x4d5 Drivers/STM32F1xx_HAL_Driver/Src/stm32f1xx_hal.o
 .debug_macro   0x0000000000012af5      0x1cb Drivers/STM32F1xx_HAL_Driver/Src/stm32f1xx_hal.o
 .debug_macro   0x0000000000012cc0      0x114 Drivers/STM32F1xx_HAL_Driver/Src/stm32f1xx_hal.o
 .debug_macro   0x0000000000012dd4      0x1ea Drivers/STM32F1xx_HAL_Driver/Src/stm32f1xx_hal.o
 .debug_macro   0x0000000000012fbe       0x27 Drivers/STM32F1xx_HAL_Driver/Src/stm32f1xx_hal.o
 .debug_macro   0x0000000000012fe5      0x144 Drivers/STM32F1xx_HAL_Driver/Src/stm32f1xx_hal.o
 .debug_macro   0x0000000000013129      0x1bc Drivers/STM32F1xx_HAL_Driver/Src/stm32f1xx_hal.o
 .debug_macro   0x00000000000132e5       0x30 Drivers/STM32F1xx_HAL_Driver/Src/stm32f1xx_hal.o
 .debug_macro   0x0000000000013315       0x3c Drivers/STM32F1xx_HAL_Driver/Src/stm32f1xx_hal.o
 .debug_macro   0x0000000000013351       0x57 Drivers/STM32F1xx_HAL_Driver/Src/stm32f1xx_hal.o
 .debug_macro   0x00000000000133a8       0x88 Drivers/STM32F1xx_HAL_Driver/Src/stm32f1xx_hal.o
 .debug_macro   0x0000000000013430      0x24f Drivers/STM32F1xx_HAL_Driver/Src/stm32f1xx_hal.o
 .debug_macro   0x000000000001367f      0x141 Drivers/STM32F1xx_HAL_Driver/Src/stm32f1xx_hal.o
 .debug_macro   0x00000000000137c0      0x26b Drivers/STM32F1xx_HAL_Driver/Src/stm32f1xx_hal.o
 .debug_macro   0x0000000000013a2b       0xb5 Drivers/STM32F1xx_HAL_Driver/Src/stm32f1xx_hal.o
 .debug_macro   0x0000000000013ae0      0x185 Drivers/STM32F1xx_HAL_Driver/Src/stm32f1xx_hal_cortex.o
 .debug_macro   0x0000000000013c65      0x1f0 Drivers/STM32F1xx_HAL_Driver/Src/stm32f1xx_hal_gpio.o
 .debug_macro   0x0000000000013e55      0x197 Drivers/STM32F1xx_HAL_Driver/Src/stm32f1xx_hal_rcc.o
 .debug_macro   0x0000000000013fec      0x186 Drivers/STM32F1xx_HAL_Driver/Src/stm32f1xx_hal_uart.o
 .debug_macro   0x0000000000014172      0x19e Src/gpio.o
 .debug_macro   0x0000000000014310      0x26c Src/lcd.o
 .debug_macro   0x000000000001457c       0x46 Src/lcd.o
 .debug_macro   0x00000000000145c2       0x35 Src/lcd.o
 .debug_macro   0x00000000000145f7      0x32a Src/lcd.o
 .debug_macro   0x0000000000014921      0x33f Src/main.o
 .debug_macro   0x0000000000014c60       0x1c Src/main.o
 .debug_macro   0x0000000000014c7c       0x10 Src/main.o
 .debug_macro   0x0000000000014c8c       0x10 Src/main.o
 .debug_macro   0x0000000000014c9c       0x1c Src/main.o
 .debug_macro   0x0000000000014cb8       0x52 Src/main.o
 .debug_macro   0x0000000000014d0a       0x40 Src/main.o
 .debug_macro   0x0000000000014d4a       0x10 Src/main.o
 .debug_macro   0x0000000000014d5a       0x40 Src/main.o
 .debug_macro   0x0000000000014d9a       0xd7 Src/main.o
 .debug_macro   0x0000000000014e71       0x1c Src/main.o
 .debug_macro   0x0000000000014e8d       0x3d Src/main.o
 .debug_macro   0x0000000000014eca       0x16 Src/main.o
 .debug_macro   0x0000000000014ee0      0x145 Src/main.o
 .debug_macro   0x0000000000015025      0x194 Src/stm32f1xx_hal_msp.o
 .debug_macro   0x00000000000151b9      0x19e Src/stm32f1xx_it.o
 .debug_macro   0x0000000000015357      0x18b Src/system_stm32f1xx.o
 .debug_macro   0x00000000000154e2      0x19e Src/usart.o

.debug_line     0x0000000000000000     0x6f60
 .debug_line    0x0000000000000000      0x7fd Drivers/STM32F1xx_HAL_Driver/Src/stm32f1xx_hal.o
 .debug_line    0x00000000000007fd      0x8d6 Drivers/STM32F1xx_HAL_Driver/Src/stm32f1xx_hal_cortex.o
 .debug_line    0x00000000000010d3      0x825 Drivers/STM32F1xx_HAL_Driver/Src/stm32f1xx_hal_gpio.o
 .debug_line    0x00000000000018f8      0x8bf Drivers/STM32F1xx_HAL_Driver/Src/stm32f1xx_hal_rcc.o
 .debug_line    0x00000000000021b7      0xf08 Drivers/STM32F1xx_HAL_Driver/Src/stm32f1xx_hal_uart.o
 .debug_line    0x00000000000030bf      0x63b Src/gpio.o
 .debug_line    0x00000000000036fa     0x155f Src/lcd.o
 .debug_line    0x0000000000004c59      0x8c9 Src/main.o
 .debug_line    0x0000000000005522      0x621 Src/stm32f1xx_hal_msp.o
 .debug_line    0x0000000000005b43      0x6f9 Src/stm32f1xx_it.o
 .debug_line    0x000000000000623c      0x650 Src/system_stm32f1xx.o
 .debug_line    0x000000000000688c      0x655 Src/usart.o
 .debug_line    0x0000000000006ee1       0x7f Startup/startup_stm32f103rctx.o

.debug_str      0x0000000000000000    0x78f13
 .debug_str     0x0000000000000000    0x72e8d Drivers/STM32F1xx_HAL_Driver/Src/stm32f1xx_hal.o
                                      0x732fa (size before relaxing)
 .debug_str     0x0000000000072e8d      0x326 Drivers/STM32F1xx_HAL_Driver/Src/stm32f1xx_hal_cortex.o
                                      0x73308 (size before relaxing)
 .debug_str     0x00000000000731b3      0x3a9 Drivers/STM32F1xx_HAL_Driver/Src/stm32f1xx_hal_gpio.o
                                      0x72f4f (size before relaxing)
 .debug_str     0x000000000007355c      0x373 Drivers/STM32F1xx_HAL_Driver/Src/stm32f1xx_hal_rcc.o
                                      0x72f88 (size before relaxing)
 .debug_str     0x00000000000738cf      0x89a Drivers/STM32F1xx_HAL_Driver/Src/stm32f1xx_hal_uart.o
                                      0x73477 (size before relaxing)
 .debug_str     0x0000000000074169      0x167 Src/gpio.o
                                      0x730c2 (size before relaxing)
 .debug_str     0x00000000000742d0     0x3854 Src/lcd.o
                                      0x7659b (size before relaxing)
 .debug_str     0x0000000000077b24     0x121b Src/main.o
                                      0x77968 (size before relaxing)
 .debug_str     0x0000000000078d3f       0x1b Src/stm32f1xx_hal_msp.o
                                      0x72cc1 (size before relaxing)
 .debug_str     0x0000000000078d5a       0xf1 Src/stm32f1xx_it.o
                                      0x72d2b (size before relaxing)
 .debug_str     0x0000000000078e4b       0x69 Src/system_stm32f1xx.o
                                      0x72c00 (size before relaxing)
 .debug_str     0x0000000000078eb4       0x2e Src/usart.o
                                      0x730d4 (size before relaxing)
 .debug_str     0x0000000000078ee2       0x31 Startup/startup_stm32f103rctx.o
                                         0x99 (size before relaxing)

.comment        0x0000000000000000       0x7b
 .comment       0x0000000000000000       0x7b Drivers/STM32F1xx_HAL_Driver/Src/stm32f1xx_hal.o
                                         0x7c (size before relaxing)
 .comment       0x000000000000007b       0x7c Drivers/STM32F1xx_HAL_Driver/Src/stm32f1xx_hal_cortex.o
 .comment       0x000000000000007b       0x7c Drivers/STM32F1xx_HAL_Driver/Src/stm32f1xx_hal_gpio.o
 .comment       0x000000000000007b       0x7c Drivers/STM32F1xx_HAL_Driver/Src/stm32f1xx_hal_rcc.o
 .comment       0x000000000000007b       0x7c Drivers/STM32F1xx_HAL_Driver/Src/stm32f1xx_hal_uart.o
 .comment       0x000000000000007b       0x7c Src/gpio.o
 .comment       0x000000000000007b       0x7c Src/lcd.o
 .comment       0x000000000000007b       0x7c Src/main.o
 .comment       0x000000000000007b       0x7c Src/stm32f1xx_hal_msp.o
 .comment       0x000000000000007b       0x7c Src/stm32f1xx_it.o
 .comment       0x000000000000007b       0x7c Src/system_stm32f1xx.o
 .comment       0x000000000000007b       0x7c Src/usart.o

.debug_frame    0x0000000000000000     0x1c64
 .debug_frame   0x0000000000000000      0x334 Drivers/STM32F1xx_HAL_Driver/Src/stm32f1xx_hal.o
 .debug_frame   0x0000000000000334      0x428 Drivers/STM32F1xx_HAL_Driver/Src/stm32f1xx_hal_cortex.o
 .debug_frame   0x000000000000075c      0x14c Drivers/STM32F1xx_HAL_Driver/Src/stm32f1xx_hal_gpio.o
 .debug_frame   0x00000000000008a8      0x21c Drivers/STM32F1xx_HAL_Driver/Src/stm32f1xx_hal_rcc.o
 .debug_frame   0x0000000000000ac4      0x834 Drivers/STM32F1xx_HAL_Driver/Src/stm32f1xx_hal_uart.o
 .debug_frame   0x00000000000012f8       0x34 Src/gpio.o
 .debug_frame   0x000000000000132c      0x4d4 Src/lcd.o
 .debug_frame   0x0000000000001800       0x98 Src/main.o
 .debug_frame   0x0000000000001898       0x34 Src/stm32f1xx_hal_msp.o
 .debug_frame   0x00000000000018cc      0x160 Src/stm32f1xx_it.o
 .debug_frame   0x0000000000001a2c       0x58 Src/system_stm32f1xx.o
 .debug_frame   0x0000000000001a84       0x74 Src/usart.o
 .debug_frame   0x0000000000001af8       0x2c m:/application/stm32cubeide_1.0.2/stm32cubeide/plugins/com.st.stm32cube.ide.mcu.externaltools.gnu-tools-for-stm32.7-2018-q2-update.win32_1.0.0.201904181610/tools/bin/../lib/gcc/arm-none-eabi/7.3.1/../../../../arm-none-eabi/lib/thumb/v7-m\libc_nano.a(lib_a-init.o)
 .debug_frame   0x0000000000001b24       0x20 m:/application/stm32cubeide_1.0.2/stm32cubeide/plugins/com.st.stm32cube.ide.mcu.externaltools.gnu-tools-for-stm32.7-2018-q2-update.win32_1.0.0.201904181610/tools/bin/../lib/gcc/arm-none-eabi/7.3.1/../../../../arm-none-eabi/lib/thumb/v7-m\libc_nano.a(lib_a-memset.o)
 .debug_frame   0x0000000000001b44       0xac m:/application/stm32cubeide_1.0.2/stm32cubeide/plugins/com.st.stm32cube.ide.mcu.externaltools.gnu-tools-for-stm32.7-2018-q2-update.win32_1.0.0.201904181610/tools/bin/../lib/gcc/arm-none-eabi/7.3.1/thumb/v7-m\libgcc.a(_arm_addsubdf3.o)
 .debug_frame   0x0000000000001bf0       0x50 m:/application/stm32cubeide_1.0.2/stm32cubeide/plugins/com.st.stm32cube.ide.mcu.externaltools.gnu-tools-for-stm32.7-2018-q2-update.win32_1.0.0.201904181610/tools/bin/../lib/gcc/arm-none-eabi/7.3.1/thumb/v7-m\libgcc.a(_arm_muldivdf3.o)
 .debug_frame   0x0000000000001c40       0x24 m:/application/stm32cubeide_1.0.2/stm32cubeide/plugins/com.st.stm32cube.ide.mcu.externaltools.gnu-tools-for-stm32.7-2018-q2-update.win32_1.0.0.201904181610/tools/bin/../lib/gcc/arm-none-eabi/7.3.1/thumb/v7-m\libgcc.a(_arm_fixunsdfsi.o)
