lcd.c:79:6:delay_us	16	static
lcd.c:93:6:LCD_WR_REG	16	static
lcd.c:104:6:LCD_WR_DATAX	16	static
lcd.c:114:10:LCD_RD_DATA	16	static
lcd.c:139:6:LCD_WriteReg	16	static
lcd.c:146:10:LCD_ReadReg	16	static
lcd.c:151:6:LCD_WriteRAM_Prepare	8	static
lcd.c:156:6:LCD_WriteRAM	16	static
lcd.c:163:10:LCD_BGR2RGB	24	static
lcd.c:173:6:opt_delay	16	static
lcd.c:180:10:LCD_ReadPoint	24	static
lcd.c:245:6:LCD_DisplayOn	8	static
lcd.c:255:6:LCD_DisplayOff	8	static
lcd.c:267:6:LCD_SetCursor	16	static
lcd.c:327:6:LCD_Scan_Dir	24	static
lcd.c:482:6:LCD_DrawPoint	16	static
lcd.c:489:6:LCD_Fast_DrawPoint	16	static
lcd.c:544:6:LCD_SSD_BackLightSet	24	static
lcd.c:555:6:LCD_Display_Dir	16	static
lcd.c:627:6:LCD_Set_Window	40	static
lcd.c:706:6:LCD_Init	32	static
lcd.c:2737:6:LCD_Clear	24	static
lcd.c:2758:6:LCD_Fill	40	static
lcd.c:2789:6:LCD_Color_Fill	32	static
lcd.c:2805:6:LCD_DrawLine	64	static
lcd.c:2850:6:LCD_DrawRectangle	24	static
lcd.c:2860:6:LCD_Draw_Circle	32	static
lcd.c:2891:6:LCD_ShowChar	32	static
lcd.c:2927:10:LCD_Pow	24	static
lcd.c:2938:6:LCD_ShowNum	48	static
lcd.c:2964:6:LCD_ShowxNum	48	static
lcd.c:2989:6:LCD_ShowString	40	static
